Archive member included to satisfy reference by file (symbol)

d:/9 2019-q4-major/bin/../lib/gcc/arm-none-eabi/9.2.1/thumb/v6-m/nofp\libgcc.a(_dvmd_tls.o)
                              CMakeFiles/INA219.dir/D_/pico-env/pico-sdk/src/rp2_common/pico_divider/divider.S.obj (__aeabi_idiv0)
d:/9 2019-q4-major/bin/../lib/gcc/arm-none-eabi/9.2.1/../../../../arm-none-eabi/lib/thumb/v6-m/nofp\libg.a(lib_a-calloc.o)
                              CMakeFiles/INA219.dir/D_/pico-env/pico-sdk/src/rp2_common/pico_malloc/pico_malloc.c.obj (calloc)
d:/9 2019-q4-major/bin/../lib/gcc/arm-none-eabi/9.2.1/../../../../arm-none-eabi/lib/thumb/v6-m/nofp\libg.a(lib_a-callocr.o)
                              d:/9 2019-q4-major/bin/../lib/gcc/arm-none-eabi/9.2.1/../../../../arm-none-eabi/lib/thumb/v6-m/nofp\libg.a(lib_a-calloc.o) (_calloc_r)
d:/9 2019-q4-major/bin/../lib/gcc/arm-none-eabi/9.2.1/../../../../arm-none-eabi/lib/thumb/v6-m/nofp\libg.a(lib_a-ctype_.o)
                              CMakeFiles/INA219.dir/D_/pico-env/pico-sdk/lib/tinyusb/src/tusb.c.obj (_ctype_)
d:/9 2019-q4-major/bin/../lib/gcc/arm-none-eabi/9.2.1/../../../../arm-none-eabi/lib/thumb/v6-m/nofp\libg.a(lib_a-impure.o)
                              d:/9 2019-q4-major/bin/../lib/gcc/arm-none-eabi/9.2.1/../../../../arm-none-eabi/lib/thumb/v6-m/nofp\libg.a(lib_a-calloc.o) (_impure_ptr)
d:/9 2019-q4-major/bin/../lib/gcc/arm-none-eabi/9.2.1/../../../../arm-none-eabi/lib/thumb/v6-m/nofp\libg.a(lib_a-init.o)
                              d:/9 2019-q4-major/bin/../lib/gcc/arm-none-eabi/9.2.1/../../../../arm-none-eabi/lib/thumb/v6-m/nofp/crt0.o (__libc_init_array)
d:/9 2019-q4-major/bin/../lib/gcc/arm-none-eabi/9.2.1/../../../../arm-none-eabi/lib/thumb/v6-m/nofp\libg.a(lib_a-malloc.o)
                              CMakeFiles/INA219.dir/D_/pico-env/pico-sdk/src/rp2_common/pico_malloc/pico_malloc.c.obj (malloc)
d:/9 2019-q4-major/bin/../lib/gcc/arm-none-eabi/9.2.1/../../../../arm-none-eabi/lib/thumb/v6-m/nofp\libg.a(lib_a-mallocr.o)
                              d:/9 2019-q4-major/bin/../lib/gcc/arm-none-eabi/9.2.1/../../../../arm-none-eabi/lib/thumb/v6-m/nofp\libg.a(lib_a-callocr.o) (_malloc_r)
d:/9 2019-q4-major/bin/../lib/gcc/arm-none-eabi/9.2.1/../../../../arm-none-eabi/lib/thumb/v6-m/nofp\libg.a(lib_a-mlock.o)
                              d:/9 2019-q4-major/bin/../lib/gcc/arm-none-eabi/9.2.1/../../../../arm-none-eabi/lib/thumb/v6-m/nofp\libg.a(lib_a-mallocr.o) (__malloc_lock)
d:/9 2019-q4-major/bin/../lib/gcc/arm-none-eabi/9.2.1/../../../../arm-none-eabi/lib/thumb/v6-m/nofp\libg.a(lib_a-realloc.o)
                              CMakeFiles/INA219.dir/D_/pico-env/pico-sdk/src/rp2_common/pico_malloc/pico_malloc.c.obj (realloc)
d:/9 2019-q4-major/bin/../lib/gcc/arm-none-eabi/9.2.1/../../../../arm-none-eabi/lib/thumb/v6-m/nofp\libg.a(lib_a-reallocr.o)
                              d:/9 2019-q4-major/bin/../lib/gcc/arm-none-eabi/9.2.1/../../../../arm-none-eabi/lib/thumb/v6-m/nofp\libg.a(lib_a-realloc.o) (_realloc_r)
d:/9 2019-q4-major/bin/../lib/gcc/arm-none-eabi/9.2.1/../../../../arm-none-eabi/lib/thumb/v6-m/nofp\libg.a(lib_a-sbrkr.o)
                              d:/9 2019-q4-major/bin/../lib/gcc/arm-none-eabi/9.2.1/../../../../arm-none-eabi/lib/thumb/v6-m/nofp\libg.a(lib_a-mallocr.o) (_sbrk_r)
d:/9 2019-q4-major/bin/../lib/gcc/arm-none-eabi/9.2.1/../../../../arm-none-eabi/lib/thumb/v6-m/nofp\libg.a(lib_a-strlen-stub.o)
                              CMakeFiles/INA219.dir/D_/pico-env/pico-sdk/src/rp2_common/pico_stdio/stdio.c.obj (strlen)
d:/9 2019-q4-major/bin/../lib/gcc/arm-none-eabi/9.2.1/../../../../arm-none-eabi/lib/thumb/v6-m/nofp\libg.a(lib_a-freer.o)
                              d:/9 2019-q4-major/bin/../lib/gcc/arm-none-eabi/9.2.1/../../../../arm-none-eabi/lib/thumb/v6-m/nofp\libg.a(lib_a-malloc.o) (_free_r)
d:/9 2019-q4-major/bin/../lib/gcc/arm-none-eabi/9.2.1/../../../../arm-none-eabi/lib/thumb/v6-m/nofp\libg.a(lib_a-lock.o)
                              d:/9 2019-q4-major/bin/../lib/gcc/arm-none-eabi/9.2.1/../../../../arm-none-eabi/lib/thumb/v6-m/nofp\libg.a(lib_a-mlock.o) (__retarget_lock_acquire_recursive)
d:/9 2019-q4-major/bin/../lib/gcc/arm-none-eabi/9.2.1/../../../../arm-none-eabi/lib/thumb/v6-m/nofp\libg.a(lib_a-memmove.o)
                              d:/9 2019-q4-major/bin/../lib/gcc/arm-none-eabi/9.2.1/../../../../arm-none-eabi/lib/thumb/v6-m/nofp\libg.a(lib_a-reallocr.o) (memmove)
d:/9 2019-q4-major/bin/../lib/gcc/arm-none-eabi/9.2.1/../../../../arm-none-eabi/lib/thumb/v6-m/nofp\libg.a(lib_a-reent.o)
                              d:/9 2019-q4-major/bin/../lib/gcc/arm-none-eabi/9.2.1/../../../../arm-none-eabi/lib/thumb/v6-m/nofp\libg.a(lib_a-sbrkr.o) (errno)

Allocating common symbols
Common symbol       size              file

__lock___atexit_recursive_mutex
                    0x1               d:/9 2019-q4-major/bin/../lib/gcc/arm-none-eabi/9.2.1/../../../../arm-none-eabi/lib/thumb/v6-m/nofp\libg.a(lib_a-lock.o)
[...]
Memory Configuration

Name             Origin             Length             Attributes
FLASH            0x10000000         0x00200000         xr
RAM              0x20000000         0x00040000         xrw
SCRATCH_X        0x20040000         0x00001000         xrw
SCRATCH_Y        0x20041000         0x00001000         xrw
*default*        0x00000000         0xffffffff

Linker script and memory map

LOAD d:/9 2019-q4-major/bin/../lib/gcc/arm-none-eabi/9.2.1/thumb/v6-m/nofp/crti.o
LOAD d:/9 2019-q4-major/bin/../lib/gcc/arm-none-eabi/9.2.1/thumb/v6-m/nofp/crtbegin.o
LOAD d:/9 2019-q4-major/bin/../lib/gcc/arm-none-eabi/9.2.1/../../../../arm-none-eabi/lib/thumb/v6-m/nofp/crt0.o

.flash_begin    0x10000000        0x0
                0x10000000                __flash_binary_start = .

.boot2          0x10000000      0x100
                0x10000000                __boot2_start__ = .
 *(.boot2)
 .boot2         0x10000000      0x100 C:\Users\Admin\AppData\Local\Temp\ccaWSOg9.o
                0x10000100                __boot2_end__ = .
                0x00000001                ASSERT (((__boot2_end__ - __boot2_start__) == 0x100), ERROR: Pico second stage bootloader must be 256 bytes in size)

.text           0x10000100     0x7a40
                0x10000100                __logical_binary_start = .
 *(.vectors)
 .vectors       0x10000100       0xd4 CMakeFiles/INA219.dir/D_/pico-env/pico-sdk/src/rp2_common/pico_standard_link/crt0.S.obj
                0x10000100                __VECTOR_TABLE
                0x10000100                __vectors
                0x100001c0                isr_invalid
                0x100001c0                __default_isrs_start
                0x100001c2                isr_nmi
                0x100001c4                isr_hardfault
                0x100001c6                isr_svcall
                0x100001c8                isr_pendsv
                0x100001ca                isr_systick
                0x100001cc                isr_irq23
                0x100001cc                isr_irq18
                0x100001cc                isr_irq11
                0x100001cc                isr_irq28
                0x100001cc                isr_irq19
                0x100001cc                isr_irq0
                0x100001cc                isr_irq6
                0x100001cc                isr_irq5
                0x100001cc                isr_irq12
                0x100001cc                isr_irq22
                0x100001cc                isr_irq31
                0x100001cc                isr_irq17
                0x100001cc                isr_irq27
                0x100001cc                isr_irq30
                0x100001cc                isr_irq2
                0x100001cc                isr_irq10
                0x100001cc                isr_irq8
                0x100001cc                isr_irq24
                0x100001cc                isr_irq1
                0x100001cc                isr_irq7
                0x100001cc                isr_irq21
                0x100001cc                isr_irq20
                0x100001cc                isr_irq15
                0x100001cc                isr_irq25
                0x100001cc                isr_irq13
                0x100001cc                __unhandled_user_irq
                0x100001cc                isr_irq4
                0x100001cc                isr_irq16
                0x100001cc                isr_irq29
                0x100001cc                isr_irq26
                0x100001cc                __default_isrs_end
                0x100001cc                isr_irq3
                0x100001cc                isr_irq14
                0x100001cc                isr_irq9
                0x100001d2                unhandled_user_irq_num_in_r0
 *(.binary_info_header)
 .binary_info_header
                0x100001d4       0x14 CMakeFiles/INA219.dir/D_/pico-env/pico-sdk/src/rp2_common/pico_standard_link/crt0.S.obj
                0x100001e8                __binary_info_header_end = .
 *(.reset)
 .reset         0x100001e8       0xa8 CMakeFiles/INA219.dir/D_/pico-env/pico-sdk/src/rp2_common/pico_standard_link/crt0.S.obj
                0x100001e8                _entry_point
                0x10000266                __get_current_exception
 .reset         0x10000290       0x30 CMakeFiles/INA219.dir/D_/pico-env/pico-sdk/src/rp2_common/pico_standard_link/binary_info.c.obj
 *(.init)
 .init          0x100002c0        0x4 d:/9 2019-q4-major/bin/../lib/gcc/arm-none-eabi/9.2.1/thumb/v6-m/nofp/crti.o
                0x100002c0                _init
 *(EXCLUDE_FILE(*libm.a: *libc.a:*lib_a-mem*.o *libgcc.a:) .text*)
 .text          0x100002c4       0x48 d:/9 2019-q4-major/bin/../lib/gcc/arm-none-eabi/9.2.1/thumb/v6-m/nofp/crtbegin.o
 .text.LED_Init
                0x1000030c       0x14 CMakeFiles/INA219.dir/INA219.c.obj
                0x1000030c                LED_Init
 .text.INA219_i2cInit
                0x10000320       0x38 CMakeFiles/INA219.dir/INA219.c.obj
                0x10000320                INA219_i2cInit
 .text.INA219_WriteReg
                0x10000358       0x24 CMakeFiles/INA219.dir/INA219.c.obj
                0x10000358                INA219_WriteReg
 .text.INA219_ReadReg
                0x1000037c       0x40 CMakeFiles/INA219.dir/INA219.c.obj
                0x1000037c                INA219_ReadReg
 .text.INA219_Config_And_CalibrationSet
                0x100003bc       0x30 CMakeFiles/INA219.dir/INA219.c.obj
                0x100003bc                INA219_Config_And_CalibrationSet
 .text.INA219_Init
                0x100003ec        0xc CMakeFiles/INA219.dir/INA219.c.obj
                0x100003ec                INA219_Init
 .text.INA219_Read_SVOLT_mV
                0x100003f8       0x34 CMakeFiles/INA219.dir/INA219.c.obj
                0x100003f8                INA219_Read_SVOLT_mV
 .text.INA219_Read_BVOLT_V
                0x1000042c       0x38 CMakeFiles/INA219.dir/INA219.c.obj
                0x1000042c                INA219_Read_BVOLT_V
 .text.INA219_Read_Current_mA
                0x10000464       0x50 CMakeFiles/INA219.dir/INA219.c.obj
                0x10000464                INA219_Read_Current_mA
 .text.INA219_Read_Power_mW
                0x100004b4       0x38 CMakeFiles/INA219.dir/INA219.c.obj
                0x100004b4                INA219_Read_Power_mW
 .text.main     0x100004ec      0x120 CMakeFiles/INA219.dir/INA219.c.obj
                0x100004ec                main
 .text.i2c_write_blocking_internal
                0x1000060c      0x13c CMakeFiles/INA219.dir/D_/pico-env/pico-sdk/src/rp2_common/hardware_i2c/i2c.c.obj
 .text.i2c_read_blocking_internal
                0x10000748       0xe0 CMakeFiles/INA219.dir/D_/pico-env/pico-sdk/src/rp2_common/hardware_i2c/i2c.c.obj
 .text.i2c_set_baudrate
                0x10000828       0xf0 CMakeFiles/INA219.dir/D_/pico-env/pico-sdk/src/rp2_common/hardware_i2c/i2c.c.obj
                0x10000828                i2c_set_baudrate
 .text.i2c_init
                0x10000918       0x58 CMakeFiles/INA219.dir/D_/pico-env/pico-sdk/src/rp2_common/hardware_i2c/i2c.c.obj
                0x10000918                i2c_init
 .text.i2c_write_blocking
                0x10000970       0x18 CMakeFiles/INA219.dir/D_/pico-env/pico-sdk/src/rp2_common/hardware_i2c/i2c.c.obj
                0x10000970                i2c_write_blocking
 .text.i2c_read_blocking
                0x10000988       0x18 CMakeFiles/INA219.dir/D_/pico-env/pico-sdk/src/rp2_common/hardware_i2c/i2c.c.obj
                0x10000988                i2c_read_blocking
 .text.hw_claim_lock
                0x100009a0       0x18 CMakeFiles/INA219.dir/D_/pico-env/pico-sdk/src/rp2_common/hardware_claim/claim.c.obj
                0x100009a0                hw_claim_lock
 .text.hw_claim_unlock
                0x100009b8       0x14 CMakeFiles/INA219.dir/D_/pico-env/pico-sdk/src/rp2_common/hardware_claim/claim.c.obj
                0x100009b8                hw_claim_unlock
 .text.hw_claim_or_assert
                0x100009cc       0x32 CMakeFiles/INA219.dir/D_/pico-env/pico-sdk/src/rp2_common/hardware_claim/claim.c.obj
                0x100009cc                hw_claim_or_assert
 .text.hw_claim_unused_from_range
                0x100009fe       0x50 CMakeFiles/INA219.dir/D_/pico-env/pico-sdk/src/rp2_common/hardware_claim/claim.c.obj
                0x100009fe                hw_claim_unused_from_range
 *fill*         0x10000a4e        0x2 
 .text.running_on_fpga
                0x10000a50       0x14 CMakeFiles/INA219.dir/D_/pico-env/pico-sdk/src/rp2_common/pico_platform/platform.c.obj
                0x10000a50                running_on_fpga
 .text.spin_locks_reset
                0x10000a64       0x20 CMakeFiles/INA219.dir/D_/pico-env/pico-sdk/src/rp2_common/hardware_sync/sync.c.obj
                0x10000a64                spin_locks_reset
 .text.next_striped_spin_lock_num
                0x10000a84       0x1c CMakeFiles/INA219.dir/D_/pico-env/pico-sdk/src/rp2_common/hardware_sync/sync.c.obj
                0x10000a84                next_striped_spin_lock_num
 .text.spin_lock_claim_unused
                0x10000aa0       0x20 CMakeFiles/INA219.dir/D_/pico-env/pico-sdk/src/rp2_common/hardware_sync/sync.c.obj
                0x10000aa0                spin_lock_claim_unused
 .text.gpio_set_function
                0x10000ac0       0x30 CMakeFiles/INA219.dir/D_/pico-env/pico-sdk/src/rp2_common/hardware_gpio/gpio.c.obj
                0x10000ac0                gpio_set_function
 .text.gpio_set_pulls
                0x10000af0       0x34 CMakeFiles/INA219.dir/D_/pico-env/pico-sdk/src/rp2_common/hardware_gpio/gpio.c.obj
                0x10000af0                gpio_set_pulls
 .text.gpio_init
                0x10000b24       0x16 CMakeFiles/INA219.dir/D_/pico-env/pico-sdk/src/rp2_common/hardware_gpio/gpio.c.obj
                0x10000b24                gpio_init
 *fill*         0x10000b3a        0x2 
 .text.set_raw_irq_handler_and_unlock
                0x10000b3c       0x28 CMakeFiles/INA219.dir/D_/pico-env/pico-sdk/src/rp2_common/hardware_irq/irq.c.obj
 .text.make_branch
                0x10000b64       0x48 CMakeFiles/INA219.dir/D_/pico-env/pico-sdk/src/rp2_common/hardware_irq/irq.c.obj
 .text.insert_branch_and_link
                0x10000bac       0x40 CMakeFiles/INA219.dir/D_/pico-env/pico-sdk/src/rp2_common/hardware_irq/irq.c.obj
 .text.irq_is_enabled
                0x10000bec       0x18 CMakeFiles/INA219.dir/D_/pico-env/pico-sdk/src/rp2_common/hardware_irq/irq.c.obj
                0x10000bec                irq_is_enabled
 .text.irq_set_mask_enabled
                0x10000c04       0x20 CMakeFiles/INA219.dir/D_/pico-env/pico-sdk/src/rp2_common/hardware_irq/irq.c.obj
                0x10000c04                irq_set_mask_enabled
 .text.irq_set_enabled
                0x10000c24        0xe CMakeFiles/INA219.dir/D_/pico-env/pico-sdk/src/rp2_common/hardware_irq/irq.c.obj
                0x10000c24                irq_set_enabled
 *fill*         0x10000c32        0x2 
 .text.irq_set_pending
                0x10000c34       0x10 CMakeFiles/INA219.dir/D_/pico-env/pico-sdk/src/rp2_common/hardware_irq/irq.c.obj
                0x10000c34                irq_set_pending
 .text.irq_get_vtable_handler
                0x10000c44       0x10 CMakeFiles/INA219.dir/D_/pico-env/pico-sdk/src/rp2_common/hardware_irq/irq.c.obj
                0x10000c44                irq_get_vtable_handler
 .text.irq_has_shared_handler
                0x10000c54       0x24 CMakeFiles/INA219.dir/D_/pico-env/pico-sdk/src/rp2_common/hardware_irq/irq.c.obj
                0x10000c54                irq_has_shared_handler
 .text.irq_set_exclusive_handler
                0x10000c78       0x54 CMakeFiles/INA219.dir/D_/pico-env/pico-sdk/src/rp2_common/hardware_irq/irq.c.obj
                0x10000c78                irq_set_exclusive_handler
 .text.irq_add_shared_handler
                0x10000ccc      0x230 CMakeFiles/INA219.dir/D_/pico-env/pico-sdk/src/rp2_common/hardware_irq/irq.c.obj
                0x10000ccc                irq_add_shared_handler
 .text.irq_remove_handler
                0x10000efc      0x1a8 CMakeFiles/INA219.dir/D_/pico-env/pico-sdk/src/rp2_common/hardware_irq/irq.c.obj
                0x10000efc                irq_remove_handler
 .text.irq_add_tail_to_free_list
                0x100010a4       0xf0 CMakeFiles/INA219.dir/D_/pico-env/pico-sdk/src/rp2_common/hardware_irq/irq.c.obj
                0x100010a4                irq_add_tail_to_free_list
 .text.irq_init_priorities
                0x10001194       0x1c CMakeFiles/INA219.dir/D_/pico-env/pico-sdk/src/rp2_common/hardware_irq/irq.c.obj
                0x10001194                irq_init_priorities
 .text.user_irq_claim_unused
                0x100011b0       0x30 CMakeFiles/INA219.dir/D_/pico-env/pico-sdk/src/rp2_common/hardware_irq/irq.c.obj
                0x100011b0                user_irq_claim_unused
 .text.lock_init
                0x100011e0       0x10 CMakeFiles/INA219.dir/D_/pico-env/pico-sdk/src/common/pico_sync/lock_core.c.obj
                0x100011e0                lock_init
 .text.alarm_pool_post_alloc_init
                0x100011f0       0x40 CMakeFiles/INA219.dir/D_/pico-env/pico-sdk/src/common/pico_time/time.c.obj
 .text.sleep_until_callback
                0x10001230       0x30 CMakeFiles/INA219.dir/D_/pico-env/pico-sdk/src/common/pico_time/time.c.obj
 .text.timer_pool_entry_comparator
                0x10001260       0x7c CMakeFiles/INA219.dir/D_/pico-env/pico-sdk/src/common/pico_time/time.c.obj
                0x10001260                timer_pool_entry_comparator
 .text.ph_add_child_node
                0x100012dc       0xa4 CMakeFiles/INA219.dir/D_/pico-env/pico-sdk/src/common/pico_time/time.c.obj
 .text.ph_merge_nodes
                0x10001380       0x3e CMakeFiles/INA219.dir/D_/pico-env/pico-sdk/src/common/pico_time/time.c.obj
 *fill*         0x100013be        0x2 
 .text.add_alarm_under_lock
                0x100013c0      0x174 CMakeFiles/INA219.dir/D_/pico-env/pico-sdk/src/common/pico_time/time.c.obj
 .text.alarm_pool_alarm_callback
                0x10001534      0x32c CMakeFiles/INA219.dir/D_/pico-env/pico-sdk/src/common/pico_time/time.c.obj
 .text.alarm_pool_init_default
                0x10001860       0x38 CMakeFiles/INA219.dir/D_/pico-env/pico-sdk/src/common/pico_time/time.c.obj
                0x10001860                alarm_pool_init_default
 .text.alarm_pool_get_default
                0x10001898       0x2c CMakeFiles/INA219.dir/D_/pico-env/pico-sdk/src/common/pico_time/time.c.obj
                0x10001898                alarm_pool_get_default
 .text.alarm_pool_add_alarm_at
                0x100018c4      0x170 CMakeFiles/INA219.dir/D_/pico-env/pico-sdk/src/common/pico_time/time.c.obj
                0x100018c4                alarm_pool_add_alarm_at
 .text.alarm_pool_cancel_alarm
                0x10001a34       0xf0 CMakeFiles/INA219.dir/D_/pico-env/pico-sdk/src/common/pico_time/time.c.obj
                0x10001a34                alarm_pool_cancel_alarm
 .text.sleep_until
                0x10001b24       0xfc CMakeFiles/INA219.dir/D_/pico-env/pico-sdk/src/common/pico_time/time.c.obj
                0x10001b24                sleep_until
 .text.sleep_us
                0x10001c20       0x58 CMakeFiles/INA219.dir/D_/pico-env/pico-sdk/src/common/pico_time/time.c.obj
                0x10001c20                sleep_us
 .text.sleep_ms
                0x10001c78       0x14 CMakeFiles/INA219.dir/D_/pico-env/pico-sdk/src/common/pico_time/time.c.obj
                0x10001c78                sleep_ms
 .text.best_effort_wfe_or_timeout
                0x10001c8c       0x80 CMakeFiles/INA219.dir/D_/pico-env/pico-sdk/src/common/pico_time/time.c.obj
                0x10001c8c                best_effort_wfe_or_timeout
 .text.hardware_alarm_irq_handler
                0x10001d0c       0x8c CMakeFiles/INA219.dir/D_/pico-env/pico-sdk/src/rp2_common/hardware_timer/timer.c.obj
 .text.hardware_alarm_claim
                0x10001d98       0x18 CMakeFiles/INA219.dir/D_/pico-env/pico-sdk/src/rp2_common/hardware_timer/timer.c.obj
                0x10001d98                hardware_alarm_claim
 .text.time_us_64
                0x10001db0       0x18 CMakeFiles/INA219.dir/D_/pico-env/pico-sdk/src/rp2_common/hardware_timer/timer.c.obj
                0x10001db0                time_us_64
 .text.busy_wait_until
                0x10001dc8       0x24 CMakeFiles/INA219.dir/D_/pico-env/pico-sdk/src/rp2_common/hardware_timer/timer.c.obj
                0x10001dc8                busy_wait_until
 .text.hardware_alarm_set_callback
                0x10001dec       0x90 CMakeFiles/INA219.dir/D_/pico-env/pico-sdk/src/rp2_common/hardware_timer/timer.c.obj
                0x10001dec                hardware_alarm_set_callback
 .text.hardware_alarm_set_target
                0x10001e7c       0xe8 CMakeFiles/INA219.dir/D_/pico-env/pico-sdk/src/rp2_common/hardware_timer/timer.c.obj
                0x10001e7c                hardware_alarm_set_target
 .text.hardware_alarm_cancel
                0x10001f64       0x40 CMakeFiles/INA219.dir/D_/pico-env/pico-sdk/src/rp2_common/hardware_timer/timer.c.obj
                0x10001f64                hardware_alarm_cancel
 .text.ph_add_child_node
                0x10001fa4       0xa4 CMakeFiles/INA219.dir/D_/pico-env/pico-sdk/src/common/pico_util/pheap.c.obj
 .text.ph_merge_nodes
                0x10002048       0x3e CMakeFiles/INA219.dir/D_/pico-env/pico-sdk/src/common/pico_util/pheap.c.obj
 *fill*         0x10002086        0x2 
 .text.ph_clear
                0x10002088       0x70 CMakeFiles/INA219.dir/D_/pico-env/pico-sdk/src/common/pico_util/pheap.c.obj
                0x10002088                ph_clear
 .text.ph_post_alloc_init
                0x100020f8        0xe CMakeFiles/INA219.dir/D_/pico-env/pico-sdk/src/common/pico_util/pheap.c.obj
                0x100020f8                ph_post_alloc_init
 *fill*         0x10002106        0x2 
 .text.ph_merge_two_pass
                0x10002108       0xa8 CMakeFiles/INA219.dir/D_/pico-env/pico-sdk/src/common/pico_util/pheap.c.obj
                0x10002108                ph_merge_two_pass
 .text.ph_remove_any_head
                0x100021b0      0x108 CMakeFiles/INA219.dir/D_/pico-env/pico-sdk/src/common/pico_util/pheap.c.obj
 .text.ph_remove_head
                0x100022b8       0x14 CMakeFiles/INA219.dir/D_/pico-env/pico-sdk/src/common/pico_util/pheap.c.obj
                0x100022b8                ph_remove_head
 .text.ph_remove_and_free_node
                0x100022cc       0xf8 CMakeFiles/INA219.dir/D_/pico-env/pico-sdk/src/common/pico_util/pheap.c.obj
                0x100022cc                ph_remove_and_free_node
 .text.mutex_init
                0x100023c4       0x1a CMakeFiles/INA219.dir/D_/pico-env/pico-sdk/src/common/pico_sync/mutex.c.obj
                0x100023c4                mutex_init
 .text.recursive_mutex_init
                0x100023de       0x1e CMakeFiles/INA219.dir/D_/pico-env/pico-sdk/src/common/pico_sync/mutex.c.obj
                0x100023de                recursive_mutex_init
 .text.critical_section_init_with_lock_num
                0x100023fc       0x14 CMakeFiles/INA219.dir/D_/pico-env/pico-sdk/src/common/pico_sync/critical_section.c.obj
                0x100023fc                critical_section_init_with_lock_num
 .text.critical_section_init
                0x10002410       0x14 CMakeFiles/INA219.dir/D_/pico-env/pico-sdk/src/common/pico_sync/critical_section.c.obj
                0x10002410                critical_section_init
 .text._exit    0x10002424        0x4 CMakeFiles/INA219.dir/D_/pico-env/pico-sdk/src/rp2_common/pico_runtime/runtime.c.obj
                0x10002424                _exit
 .text.exit     0x10002428        0x6 CMakeFiles/INA219.dir/D_/pico-env/pico-sdk/src/rp2_common/pico_runtime/runtime.c.obj
                0x10002428                exit
 *fill*         0x1000242e        0x2 
 .text.__assert_func
                0x10002430       0x3c CMakeFiles/INA219.dir/D_/pico-env/pico-sdk/src/rp2_common/pico_runtime/runtime.c.obj
                0x10002430                __assert_func
 .text.runtime_init
                0x1000246c       0xf8 CMakeFiles/INA219.dir/D_/pico-env/pico-sdk/src/rp2_common/pico_runtime/runtime.c.obj
                0x1000246c                runtime_init
 .text.panic    0x10002564       0x30 CMakeFiles/INA219.dir/D_/pico-env/pico-sdk/src/rp2_common/pico_runtime/runtime.c.obj
                0x10002564                panic
 .text.clock_configure
                0x10002594      0x104 CMakeFiles/INA219.dir/D_/pico-env/pico-sdk/src/rp2_common/hardware_clocks/clocks.c.obj
                0x10002594                clock_configure
 .text.clocks_init
                0x10002698      0x100 CMakeFiles/INA219.dir/D_/pico-env/pico-sdk/src/rp2_common/hardware_clocks/clocks.c.obj
                0x10002698                clocks_init
 .text.clock_get_hz
                0x10002798        0xc CMakeFiles/INA219.dir/D_/pico-env/pico-sdk/src/rp2_common/hardware_clocks/clocks.c.obj
                0x10002798                clock_get_hz
 .text.pll_init
                0x100027a4      0x140 CMakeFiles/INA219.dir/D_/pico-env/pico-sdk/src/rp2_common/hardware_pll/pll.c.obj
                0x100027a4                pll_init
 .text.watchdog_start_tick
                0x100028e4       0x10 CMakeFiles/INA219.dir/D_/pico-env/pico-sdk/src/rp2_common/hardware_watchdog/watchdog.c.obj
                0x100028e4                watchdog_start_tick
 .text.watchdog_update
                0x100028f4       0x14 CMakeFiles/INA219.dir/D_/pico-env/pico-sdk/src/rp2_common/hardware_watchdog/watchdog.c.obj
                0x100028f4                watchdog_update
 .text._watchdog_enable
                0x10002908       0x78 CMakeFiles/INA219.dir/D_/pico-env/pico-sdk/src/rp2_common/hardware_watchdog/watchdog.c.obj
                0x10002908                _watchdog_enable
 .text.watchdog_reboot
                0x10002980       0x48 CMakeFiles/INA219.dir/D_/pico-env/pico-sdk/src/rp2_common/hardware_watchdog/watchdog.c.obj
                0x10002980                watchdog_reboot
 .text.xosc_init
                0x100029c8       0x28 CMakeFiles/INA219.dir/D_/pico-env/pico-sdk/src/rp2_common/hardware_xosc/xosc.c.obj
                0x100029c8                xosc_init
 .text._out_null
                0x100029f0        0x2 CMakeFiles/INA219.dir/D_/pico-env/pico-sdk/src/rp2_common/pico_printf/printf.c.obj
 .text._out_fct
                0x100029f2        0xe CMakeFiles/INA219.dir/D_/pico-env/pico-sdk/src/rp2_common/pico_printf/printf.c.obj
 .text._atoi    0x10002a00       0x24 CMakeFiles/INA219.dir/D_/pico-env/pico-sdk/src/rp2_common/pico_printf/printf.c.obj
 .text._out_rev
                0x10002a24       0xae CMakeFiles/INA219.dir/D_/pico-env/pico-sdk/src/rp2_common/pico_printf/printf.c.obj
 .text._ntoa_format
                0x10002ad2      0x110 CMakeFiles/INA219.dir/D_/pico-env/pico-sdk/src/rp2_common/pico_printf/printf.c.obj
 .text._ntoa_long
                0x10002be2       0xbc CMakeFiles/INA219.dir/D_/pico-env/pico-sdk/src/rp2_common/pico_printf/printf.c.obj
 .text._ntoa_long_long
                0x10002c9e       0xe2 CMakeFiles/INA219.dir/D_/pico-env/pico-sdk/src/rp2_common/pico_printf/printf.c.obj
 .text._etoa    0x10002d80      0x40c CMakeFiles/INA219.dir/D_/pico-env/pico-sdk/src/rp2_common/pico_printf/printf.c.obj
 .text._ftoa    0x1000318c      0x354 CMakeFiles/INA219.dir/D_/pico-env/pico-sdk/src/rp2_common/pico_printf/printf.c.obj
 .text._vsnprintf
                0x100034e0      0x628 CMakeFiles/INA219.dir/D_/pico-env/pico-sdk/src/rp2_common/pico_printf/printf.c.obj
 .text.vfctprintf
                0x10003b08       0x20 CMakeFiles/INA219.dir/D_/pico-env/pico-sdk/src/rp2_common/pico_printf/printf.c.obj
                0x10003b08                vfctprintf
 .text          0x10003b28       0x10 CMakeFiles/INA219.dir/D_/pico-env/pico-sdk/src/rp2_common/pico_bit_ops/bit_ops_aeabi.S.obj
 .text.rom_func_lookup
                0x10003b38       0x10 CMakeFiles/INA219.dir/D_/pico-env/pico-sdk/src/rp2_common/pico_bootrom/bootrom.c.obj
                0x10003b38                rom_func_lookup
 .text.rom_data_lookup
                0x10003b48       0x10 CMakeFiles/INA219.dir/D_/pico-env/pico-sdk/src/rp2_common/pico_bootrom/bootrom.c.obj
                0x10003b48                rom_data_lookup
 .text.rom_funcs_lookup
                0x10003b58       0x36 CMakeFiles/INA219.dir/D_/pico-env/pico-sdk/src/rp2_common/pico_bootrom/bootrom.c.obj
                0x10003b58                rom_funcs_lookup
 *fill*         0x10003b8e        0x2 
 .text.__wrap___aeabi_idiv
                0x10003b90       0x50 CMakeFiles/INA219.dir/D_/pico-env/pico-sdk/src/rp2_common/pico_divider/divider.S.obj
                0x10003b90                __wrap___aeabi_idivmod
                0x10003b90                divmod_s32s32
                0x10003b90                div_s32s32
                0x10003b90                __wrap___aeabi_idiv
                0x10003b98                divmod_s32s32_unsafe
                0x10003bc4                divmod_s32s32_savestate
 .text.__wrap___aeabi_uidiv
                0x10003be0       0x4c CMakeFiles/INA219.dir/D_/pico-env/pico-sdk/src/rp2_common/pico_divider/divider.S.obj
                0x10003be0                __wrap___aeabi_uidiv
                0x10003be0                __wrap___aeabi_uidivmod
                0x10003be0                div_u32u32
                0x10003be0                divmod_u32u32
                0x10003be8                divmod_u32u32_unsafe
                0x10003c10                divmod_u32u32_savestate
 .text.__wrap___aeabi_ldiv
                0x10003c2c      0x434 CMakeFiles/INA219.dir/D_/pico-env/pico-sdk/src/rp2_common/pico_divider/divider.S.obj
                0x10003c2c                div_s64s64
                0x10003c2c                divmod_s64s64
                0x10003c2c                __wrap___aeabi_ldivmod
                0x10003c64                divmod_u64u64
                0x10003c64                div_u64u64
                0x10003c64                __wrap___aeabi_uldivmod
                0x10003c74                divmod_u64u64_savestate
                0x10003c9c                divmod_s64s64_unsafe
                0x10003d24                divmod_u64u64_unsafe
 .text.__wrap___aeabi_darithmetic
                0x10004060       0x80 CMakeFiles/INA219.dir/D_/pico-env/pico-sdk/src/rp2_common/pico_double/double_aeabi.S.obj
                0x10004060                __wrap___aeabi_drsub
                0x10004066                __wrap___aeabi_dsub
                0x10004078                __wrap___aeabi_dadd
                0x1000408a                __wrap___aeabi_ddiv
                0x100040c6                __wrap___aeabi_dmul
 .text.__wrap___aeabi_cdcmple
                0x100040e0       0x6c CMakeFiles/INA219.dir/D_/pico-env/pico-sdk/src/rp2_common/pico_double/double_aeabi.S.obj
                0x100040e0                __wrap___aeabi_cdrcmple
                0x100040f0                __wrap___aeabi_cdcmpeq
                0x100040f0                __wrap___aeabi_cdcmple
 .text.__wrap___aeabi_dcmplt
                0x1000414c        0xc CMakeFiles/INA219.dir/D_/pico-env/pico-sdk/src/rp2_common/pico_double/double_aeabi.S.obj
                0x1000414c                __wrap___aeabi_dcmplt
 .text.__wrap___aeabi_dcmple
                0x10004158       0x10 CMakeFiles/INA219.dir/D_/pico-env/pico-sdk/src/rp2_common/pico_double/double_aeabi.S.obj
                0x10004158                __wrap___aeabi_dcmple
 .text.__wrap___aeabi_dcmpge
                0x10004168       0x10 CMakeFiles/INA219.dir/D_/pico-env/pico-sdk/src/rp2_common/pico_double/double_aeabi.S.obj
                0x10004168                __wrap___aeabi_dcmpge
 .text.__wrap___aeabi_dcmpgt
                0x10004178        0xa CMakeFiles/INA219.dir/D_/pico-env/pico-sdk/src/rp2_common/pico_double/double_aeabi.S.obj
                0x10004178                __wrap___aeabi_dcmpgt
 .text.__wrap___aeabi_dcmpun
                0x10004182       0x1c CMakeFiles/INA219.dir/D_/pico-env/pico-sdk/src/rp2_common/pico_double/double_aeabi.S.obj
                0x10004182                __wrap___aeabi_dcmpun
 *fill*         0x1000419e        0x2 
 .text.__wrap___aeabi_i2d
                0x100041a0       0x38 CMakeFiles/INA219.dir/D_/pico-env/pico-sdk/src/rp2_common/pico_double/double_aeabi.S.obj
                0x100041a0                __wrap___aeabi_ui2d
                0x100041a8                __wrap___aeabi_i2d
 .text.__wrap___aeabi_d2iz
                0x100041d8       0x48 CMakeFiles/INA219.dir/D_/pico-env/pico-sdk/src/rp2_common/pico_double/double_aeabi.S.obj
                0x100041d8                double2int_z
                0x100041d8                __wrap___aeabi_d2iz
 .text.__wrap___aeabi_d2uiz
                0x10004220       0x18 CMakeFiles/INA219.dir/D_/pico-env/pico-sdk/src/rp2_common/pico_double/double_aeabi.S.obj
                0x10004220                __wrap___aeabi_d2uiz
                0x10004220                double2uint
 .text.__wrap___aeabi_d2f
                0x10004238       0x18 CMakeFiles/INA219.dir/D_/pico-env/pico-sdk/src/rp2_common/pico_double/double_aeabi.S.obj
                0x10004238                __wrap___aeabi_d2f
 .text.__aeabi_double_init
                0x10004250       0xc8 CMakeFiles/INA219.dir/D_/pico-env/pico-sdk/src/rp2_common/pico_double/double_init_rom.c.obj
                0x10004250                __aeabi_double_init
 .text.double_table_shim_on_use_helper
                0x10004318       0x34 CMakeFiles/INA219.dir/D_/pico-env/pico-sdk/src/rp2_common/pico_double/double_v1_rom_shim.S.obj
                0x10004318                double_table_shim_on_use_helper
 .text.__wrap___aeabi_dsub
                0x1000434c       0x10 CMakeFiles/INA219.dir/D_/pico-env/pico-sdk/src/rp2_common/pico_double/double_v1_rom_shim.S.obj
                0x1000434c                drsub_shim
                0x10004352                dsub_shim
 .text.dadd_shim
                0x1000435c      0x15c CMakeFiles/INA219.dir/D_/pico-env/pico-sdk/src/rp2_common/pico_double/double_v1_rom_shim.S.obj
                0x1000435c                dadd_shim
 .text.dmul_shim
                0x100044b8      0x15c CMakeFiles/INA219.dir/D_/pico-env/pico-sdk/src/rp2_common/pico_double/double_v1_rom_shim.S.obj
                0x100044b8                dmul_shim
 .text.ddiv_shim
                0x10004614      0x1b0 CMakeFiles/INA219.dir/D_/pico-env/pico-sdk/src/rp2_common/pico_double/double_v1_rom_shim.S.obj
                0x10004614                ddiv_shim
 .text.double2uint_shim
                0x100047c4        0xe CMakeFiles/INA219.dir/D_/pico-env/pico-sdk/src/rp2_common/pico_double/double_v1_rom_shim.S.obj
                0x100047c4                double2uint_shim
                0x100047c6                double2ufix_shim
 *fill*         0x100047d2        0x2 
 .text.double2uint64_shim
                0x100047d4       0x70 CMakeFiles/INA219.dir/D_/pico-env/pico-sdk/src/rp2_common/pico_double/double_v1_rom_shim.S.obj
                0x100047d4                double2uint64_shim
                0x100047d6                double2ufix64_shim
                0x100047f6                d2fix_a
 .text.double2float_shim
                0x10004844       0x5c CMakeFiles/INA219.dir/D_/pico-env/pico-sdk/src/rp2_common/pico_double/double_v1_rom_shim.S.obj
                0x10004844                double2float_shim
 .text.dunpacks
                0x100048a0       0x3c CMakeFiles/INA219.dir/D_/pico-env/pico-sdk/src/rp2_common/pico_double/double_v1_rom_shim.S.obj
                0x100048a0                dunpacks
 .text.__aeabi_lmul
                0x100048dc       0x32 CMakeFiles/INA219.dir/D_/pico-env/pico-sdk/src/rp2_common/pico_int64_ops/pico_int64_ops_aeabi.S.obj
                0x100048dc                __wrap___aeabi_lmul
 *fill*         0x1000490e        0x2 
 .text.__wrap___aeabi_farithmetic
                0x10004910       0x58 CMakeFiles/INA219.dir/D_/pico-env/pico-sdk/src/rp2_common/pico_float/float_aeabi.S.obj
                0x10004910                __wrap___aeabi_frsub
                0x10004916                __wrap___aeabi_fsub
                0x10004920                __wrap___aeabi_fadd
                0x1000492a                __wrap___aeabi_fdiv
                0x10004956                __wrap___aeabi_fmul
 .text.__wrap___aeabi_cfcmple
                0x10004968       0x50 CMakeFiles/INA219.dir/D_/pico-env/pico-sdk/src/rp2_common/pico_float/float_aeabi.S.obj
                0x10004968                __wrap___aeabi_cfrcmple
                0x10004974                __wrap___aeabi_cfcmple
                0x10004974                __wrap___aeabi_cfcmpeq
 .text.__wrap___aeabi_fcmplt
                0x100049b8        0xc CMakeFiles/INA219.dir/D_/pico-env/pico-sdk/src/rp2_common/pico_float/float_aeabi.S.obj
                0x100049b8                __wrap___aeabi_fcmplt
 .text.__wrap___aeabi_fcmpgt
                0x100049c4        0xa CMakeFiles/INA219.dir/D_/pico-env/pico-sdk/src/rp2_common/pico_float/float_aeabi.S.obj
                0x100049c4                __wrap___aeabi_fcmpgt
 *fill*         0x100049ce        0x2 
 .text.__wrap___aeabi_i2f
                0x100049d0       0x44 CMakeFiles/INA219.dir/D_/pico-env/pico-sdk/src/rp2_common/pico_float/float_aeabi.S.obj
                0x100049d0                __wrap___aeabi_i2f
 .text.__wrap___aeabi_f2d
                0x10004a14       0x14 CMakeFiles/INA219.dir/D_/pico-env/pico-sdk/src/rp2_common/pico_float/float_aeabi.S.obj
                0x10004a14                __wrap___aeabi_f2d
 .text.__aeabi_float_init
                0x10004a28       0xfc CMakeFiles/INA219.dir/D_/pico-env/pico-sdk/src/rp2_common/pico_float/float_init_rom.c.obj
                0x10004a28                __aeabi_float_init
 .text.float_table_shim_on_use_helper
                0x10004b24       0x34 CMakeFiles/INA219.dir/D_/pico-env/pico-sdk/src/rp2_common/pico_float/float_v1_rom_shim.S.obj
                0x10004b24                float_table_shim_on_use_helper
 .text.float2double_shim
                0x10004b58       0x30 CMakeFiles/INA219.dir/D_/pico-env/pico-sdk/src/rp2_common/pico_float/float_v1_rom_shim.S.obj
                0x10004b58                float2double_shim
 .text          0x10004b88       0x10 CMakeFiles/INA219.dir/D_/pico-env/pico-sdk/src/rp2_common/pico_mem_ops/mem_ops_aeabi.S.obj
                0x10004b88                __aeabi_mem_init
 .text.memset   0x10004b98        0xc CMakeFiles/INA219.dir/D_/pico-env/pico-sdk/src/rp2_common/pico_mem_ops/mem_ops_aeabi.S.obj
                0x10004b98                __wrap_memset
 .text.memcpy   0x10004ba4        0xc CMakeFiles/INA219.dir/D_/pico-env/pico-sdk/src/rp2_common/pico_mem_ops/mem_ops_aeabi.S.obj
                0x10004ba4                __wrap_memcpy
                0x10004ba4                __wrap___aeabi_memcpy
 .text.stdio_out_chars_no_crlf
                0x10004bb0        0xe CMakeFiles/INA219.dir/D_/pico-env/pico-sdk/src/rp2_common/pico_stdio/stdio.c.obj
 *fill*         0x10004bbe        0x2 
 .text.stdio_out_chars_crlf
                0x10004bc0       0x80 CMakeFiles/INA219.dir/D_/pico-env/pico-sdk/src/rp2_common/pico_stdio/stdio.c.obj
 .text.stdio_stack_buffer_flush
                0x10004c40       0x44 CMakeFiles/INA219.dir/D_/pico-env/pico-sdk/src/rp2_common/pico_stdio/stdio.c.obj
 .text.stdio_buffered_printer
                0x10004c84       0x20 CMakeFiles/INA219.dir/D_/pico-env/pico-sdk/src/rp2_common/pico_stdio/stdio.c.obj
 .text.stdout_serialize_begin
                0x10004ca4       0x30 CMakeFiles/INA219.dir/D_/pico-env/pico-sdk/src/rp2_common/pico_stdio/stdio.c.obj
                0x10004ca4                stdout_serialize_begin
 .text.stdout_serialize_end
                0x10004cd4       0x10 CMakeFiles/INA219.dir/D_/pico-env/pico-sdk/src/rp2_common/pico_stdio/stdio.c.obj
                0x10004cd4                stdout_serialize_end
 .text.stdio_put_string
                0x10004ce4       0x98 CMakeFiles/INA219.dir/D_/pico-env/pico-sdk/src/rp2_common/pico_stdio/stdio.c.obj
 .text.stdio_set_driver_enabled
                0x10004d7c       0x2c CMakeFiles/INA219.dir/D_/pico-env/pico-sdk/src/rp2_common/pico_stdio/stdio.c.obj
                0x10004d7c                stdio_set_driver_enabled
 .text.stdio_flush
                0x10004da8       0x20 CMakeFiles/INA219.dir/D_/pico-env/pico-sdk/src/rp2_common/pico_stdio/stdio.c.obj
                0x10004da8                stdio_flush
 .text.__wrap_puts
                0x10004dc8       0x1e CMakeFiles/INA219.dir/D_/pico-env/pico-sdk/src/rp2_common/pico_stdio/stdio.c.obj
                0x10004dc8                __wrap_puts
 *fill*         0x10004de6        0x2 
 .text.__wrap_vprintf
                0x10004de8       0x44 CMakeFiles/INA219.dir/D_/pico-env/pico-sdk/src/rp2_common/pico_stdio/stdio.c.obj
                0x10004de8                __wrap_vprintf
 .text.__wrap_printf
                0x10004e2c       0x18 CMakeFiles/INA219.dir/D_/pico-env/pico-sdk/src/rp2_common/pico_stdio/stdio.c.obj
                0x10004e2c                __wrap_printf
 .text.stdio_init_all
                0x10004e44        0x8 CMakeFiles/INA219.dir/D_/pico-env/pico-sdk/src/rp2_common/pico_stdio/stdio.c.obj
                0x10004e44                stdio_init_all
 .text.resetd_init
                0x10004e4c        0x2 CMakeFiles/INA219.dir/D_/pico-env/pico-sdk/src/rp2_common/pico_stdio_usb/reset_interface.c.obj
 *fill*         0x10004e4e        0x2 
 .text.resetd_reset
                0x10004e50        0xc CMakeFiles/INA219.dir/D_/pico-env/pico-sdk/src/rp2_common/pico_stdio_usb/reset_interface.c.obj
 .text.resetd_open
                0x10004e5c       0x34 CMakeFiles/INA219.dir/D_/pico-env/pico-sdk/src/rp2_common/pico_stdio_usb/reset_interface.c.obj
 .text.resetd_xfer_cb
                0x10004e90        0x4 CMakeFiles/INA219.dir/D_/pico-env/pico-sdk/src/rp2_common/pico_stdio_usb/reset_interface.c.obj
 .text.resetd_control_xfer_cb
                0x10004e94       0x6c CMakeFiles/INA219.dir/D_/pico-env/pico-sdk/src/rp2_common/pico_stdio_usb/reset_interface.c.obj
 .text.usbd_app_driver_get_cb
                0x10004f00        0xc CMakeFiles/INA219.dir/D_/pico-env/pico-sdk/src/rp2_common/pico_stdio_usb/reset_interface.c.obj
                0x10004f00                usbd_app_driver_get_cb
 .text.tud_cdc_line_coding_cb
                0x10004f0c       0x34 CMakeFiles/INA219.dir/D_/pico-env/pico-sdk/src/rp2_common/pico_stdio_usb/reset_interface.c.obj
                0x10004f0c                tud_cdc_line_coding_cb
 .text.stdio_usb_in_chars
                0x10004f40       0x70 CMakeFiles/INA219.dir/D_/pico-env/pico-sdk/src/rp2_common/pico_stdio_usb/stdio_usb.c.obj
                0x10004f40                stdio_usb_in_chars
 .text.low_priority_worker_irq
                0x10004fb0       0x20 CMakeFiles/INA219.dir/D_/pico-env/pico-sdk/src/rp2_common/pico_stdio_usb/stdio_usb.c.obj
 .text.stdio_usb_out_chars
                0x10004fd0       0xd4 CMakeFiles/INA219.dir/D_/pico-env/pico-sdk/src/rp2_common/pico_stdio_usb/stdio_usb.c.obj
 .text.timer_task
                0x100050a4       0x40 CMakeFiles/INA219.dir/D_/pico-env/pico-sdk/src/rp2_common/pico_stdio_usb/stdio_usb.c.obj
 .text.usb_irq  0x100050e4       0x10 CMakeFiles/INA219.dir/D_/pico-env/pico-sdk/src/rp2_common/pico_stdio_usb/stdio_usb.c.obj
 .text.stdio_usb_init
                0x100050f4       0xec CMakeFiles/INA219.dir/D_/pico-env/pico-sdk/src/rp2_common/pico_stdio_usb/stdio_usb.c.obj
                0x100050f4                stdio_usb_init
 .text.tud_descriptor_device_cb
                0x100051e0        0x8 CMakeFiles/INA219.dir/D_/pico-env/pico-sdk/src/rp2_common/pico_stdio_usb/stdio_usb_descriptors.c.obj
                0x100051e0                tud_descriptor_device_cb
 .text.tud_descriptor_configuration_cb
                0x100051e8        0x8 CMakeFiles/INA219.dir/D_/pico-env/pico-sdk/src/rp2_common/pico_stdio_usb/stdio_usb_descriptors.c.obj
                0x100051e8                tud_descriptor_configuration_cb
 .text.tud_descriptor_string_cb
                0x100051f0       0x6c CMakeFiles/INA219.dir/D_/pico-env/pico-sdk/src/rp2_common/pico_stdio_usb/stdio_usb_descriptors.c.obj
                0x100051f0                tud_descriptor_string_cb
 .text.hw_endpoint_get_by_addr
                0x1000525c       0x18 CMakeFiles/INA219.dir/D_/pico-env/pico-sdk/lib/tinyusb/src/portable/raspberrypi/rp2040/dcd_rp2040.c.obj
 .text.reset_ep0_pid
                0x10005274       0x28 CMakeFiles/INA219.dir/D_/pico-env/pico-sdk/lib/tinyusb/src/portable/raspberrypi/rp2040/dcd_rp2040.c.obj
 .text._hw_endpoint_alloc
                0x1000529c       0x70 CMakeFiles/INA219.dir/D_/pico-env/pico-sdk/lib/tinyusb/src/portable/raspberrypi/rp2040/dcd_rp2040.c.obj
 .text.hw_endpoint_init
                0x1000530c       0x88 CMakeFiles/INA219.dir/D_/pico-env/pico-sdk/lib/tinyusb/src/portable/raspberrypi/rp2040/dcd_rp2040.c.obj
 .text.reset_non_control_endpoints
                0x10005394       0x40 CMakeFiles/INA219.dir/D_/pico-env/pico-sdk/lib/tinyusb/src/portable/raspberrypi/rp2040/dcd_rp2040.c.obj
 .text.hw_handle_buff_status
                0x100053d4       0x8c CMakeFiles/INA219.dir/D_/pico-env/pico-sdk/lib/tinyusb/src/portable/raspberrypi/rp2040/dcd_rp2040.c.obj
 .text.dcd_rp2040_irq
                0x10005460       0xc0 CMakeFiles/INA219.dir/D_/pico-env/pico-sdk/lib/tinyusb/src/portable/raspberrypi/rp2040/dcd_rp2040.c.obj
 .text.hw_endpoint_xfer
                0x10005520       0x14 CMakeFiles/INA219.dir/D_/pico-env/pico-sdk/lib/tinyusb/src/portable/raspberrypi/rp2040/dcd_rp2040.c.obj
 .text.dcd_int_enable
                0x10005534       0x2c CMakeFiles/INA219.dir/D_/pico-env/pico-sdk/lib/tinyusb/src/portable/raspberrypi/rp2040/dcd_rp2040.c.obj
                0x10005534                dcd_int_enable
 .text.dcd_set_address
                0x10005560       0x2c CMakeFiles/INA219.dir/D_/pico-env/pico-sdk/lib/tinyusb/src/portable/raspberrypi/rp2040/dcd_rp2040.c.obj
                0x10005560                dcd_set_address
 .text.dcd_connect
                0x1000558c       0x10 CMakeFiles/INA219.dir/D_/pico-env/pico-sdk/lib/tinyusb/src/portable/raspberrypi/rp2040/dcd_rp2040.c.obj
                0x1000558c                dcd_connect
 .text.dcd_init
                0x1000559c       0x7c CMakeFiles/INA219.dir/D_/pico-env/pico-sdk/lib/tinyusb/src/portable/raspberrypi/rp2040/dcd_rp2040.c.obj
                0x1000559c                dcd_init
 .text.dcd_edpt0_status_complete
                0x10005618       0x1c CMakeFiles/INA219.dir/D_/pico-env/pico-sdk/lib/tinyusb/src/portable/raspberrypi/rp2040/dcd_rp2040.c.obj
                0x10005618                dcd_edpt0_status_complete
 .text.dcd_edpt_open
                0x10005634       0x40 CMakeFiles/INA219.dir/D_/pico-env/pico-sdk/lib/tinyusb/src/portable/raspberrypi/rp2040/dcd_rp2040.c.obj
                0x10005634                dcd_edpt_open
 .text.dcd_edpt_close_all
                0x10005674        0x8 CMakeFiles/INA219.dir/D_/pico-env/pico-sdk/lib/tinyusb/src/portable/raspberrypi/rp2040/dcd_rp2040.c.obj
                0x10005674                dcd_edpt_close_all
 .text.dcd_edpt_xfer
                0x1000567c       0x30 CMakeFiles/INA219.dir/D_/pico-env/pico-sdk/lib/tinyusb/src/portable/raspberrypi/rp2040/dcd_rp2040.c.obj
                0x1000567c                dcd_edpt_xfer
 .text.dcd_edpt_stall
                0x100056ac       0x2c CMakeFiles/INA219.dir/D_/pico-env/pico-sdk/lib/tinyusb/src/portable/raspberrypi/rp2040/dcd_rp2040.c.obj
                0x100056ac                dcd_edpt_stall
 .text.dcd_edpt_clear_stall
                0x100056d8       0x20 CMakeFiles/INA219.dir/D_/pico-env/pico-sdk/lib/tinyusb/src/portable/raspberrypi/rp2040/dcd_rp2040.c.obj
                0x100056d8                dcd_edpt_clear_stall
 .text.prepare_ep_buffer
                0x100056f8       0x70 CMakeFiles/INA219.dir/D_/pico-env/pico-sdk/lib/tinyusb/src/portable/raspberrypi/rp2040/rp2040_usb.c.obj
 .text.sync_ep_buffer
                0x10005768       0x7c CMakeFiles/INA219.dir/D_/pico-env/pico-sdk/lib/tinyusb/src/portable/raspberrypi/rp2040/rp2040_usb.c.obj
 .text._hw_endpoint_xfer_sync
                0x100057e4       0x28 CMakeFiles/INA219.dir/D_/pico-env/pico-sdk/lib/tinyusb/src/portable/raspberrypi/rp2040/rp2040_usb.c.obj
 .text.rp2040_usb_init
                0x1000580c       0x4c CMakeFiles/INA219.dir/D_/pico-env/pico-sdk/lib/tinyusb/src/portable/raspberrypi/rp2040/rp2040_usb.c.obj
                0x1000580c                rp2040_usb_init
 .text.hw_endpoint_reset_transfer
                0x10005858        0xc CMakeFiles/INA219.dir/D_/pico-env/pico-sdk/lib/tinyusb/src/portable/raspberrypi/rp2040/rp2040_usb.c.obj
                0x10005858                hw_endpoint_reset_transfer
 .text._hw_endpoint_buffer_control_update32
                0x10005864       0x58 CMakeFiles/INA219.dir/D_/pico-env/pico-sdk/lib/tinyusb/src/portable/raspberrypi/rp2040/rp2040_usb.c.obj
                0x10005864                _hw_endpoint_buffer_control_update32
 .text._hw_endpoint_start_next_buffer
                0x100058bc       0x74 CMakeFiles/INA219.dir/D_/pico-env/pico-sdk/lib/tinyusb/src/portable/raspberrypi/rp2040/rp2040_usb.c.obj
 .text.hw_endpoint_xfer_start
                0x10005930       0x48 CMakeFiles/INA219.dir/D_/pico-env/pico-sdk/lib/tinyusb/src/portable/raspberrypi/rp2040/rp2040_usb.c.obj
                0x10005930                hw_endpoint_xfer_start
 .text.hw_endpoint_xfer_continue
                0x10005978       0x38 CMakeFiles/INA219.dir/D_/pico-env/pico-sdk/lib/tinyusb/src/portable/raspberrypi/rp2040/rp2040_usb.c.obj
                0x10005978                hw_endpoint_xfer_continue
 .text.configuration_reset
                0x100059b0       0x84 CMakeFiles/INA219.dir/D_/pico-env/pico-sdk/lib/tinyusb/src/device/usbd.c.obj
 .text.usbd_reset
                0x10005a34        0xc CMakeFiles/INA219.dir/D_/pico-env/pico-sdk/lib/tinyusb/src/device/usbd.c.obj
 .text.invoke_class_control
                0x10005a40       0x1a CMakeFiles/INA219.dir/D_/pico-env/pico-sdk/lib/tinyusb/src/device/usbd.c.obj
 *fill*         0x10005a5a        0x2 
 .text.process_set_config
                0x10005a5c      0x1ac CMakeFiles/INA219.dir/D_/pico-env/pico-sdk/lib/tinyusb/src/device/usbd.c.obj
 .text.process_get_descriptor
                0x10005c08       0xec CMakeFiles/INA219.dir/D_/pico-env/pico-sdk/lib/tinyusb/src/device/usbd.c.obj
 .text.tud_mounted
                0x10005cf4       0x10 CMakeFiles/INA219.dir/D_/pico-env/pico-sdk/lib/tinyusb/src/device/usbd.c.obj
                0x10005cf4                tud_mounted
 .text.tud_suspended
                0x10005d04       0x10 CMakeFiles/INA219.dir/D_/pico-env/pico-sdk/lib/tinyusb/src/device/usbd.c.obj
                0x10005d04                tud_suspended
 .text.tud_inited
                0x10005d14        0xc CMakeFiles/INA219.dir/D_/pico-env/pico-sdk/lib/tinyusb/src/device/usbd.c.obj
                0x10005d14                tud_inited
 .text.tud_init
                0x10005d20       0xcc CMakeFiles/INA219.dir/D_/pico-env/pico-sdk/lib/tinyusb/src/device/usbd.c.obj
                0x10005d20                tud_init
 .text.dcd_event_handler
                0x10005dec      0x1e0 CMakeFiles/INA219.dir/D_/pico-env/pico-sdk/lib/tinyusb/src/device/usbd.c.obj
                0x10005dec                dcd_event_handler
 .text.dcd_event_bus_signal
                0x10005fcc       0x26 CMakeFiles/INA219.dir/D_/pico-env/pico-sdk/lib/tinyusb/src/device/usbd.c.obj
                0x10005fcc                dcd_event_bus_signal
 .text.dcd_event_bus_reset
                0x10005ff2       0x2a CMakeFiles/INA219.dir/D_/pico-env/pico-sdk/lib/tinyusb/src/device/usbd.c.obj
                0x10005ff2                dcd_event_bus_reset
 .text.dcd_event_setup_received
                0x1000601c       0x34 CMakeFiles/INA219.dir/D_/pico-env/pico-sdk/lib/tinyusb/src/device/usbd.c.obj
                0x1000601c                dcd_event_setup_received
 .text.dcd_event_xfer_complete
                0x10006050       0x44 CMakeFiles/INA219.dir/D_/pico-env/pico-sdk/lib/tinyusb/src/device/usbd.c.obj
                0x10006050                dcd_event_xfer_complete
 .text.usbd_edpt_open
                0x10006094       0x58 CMakeFiles/INA219.dir/D_/pico-env/pico-sdk/lib/tinyusb/src/device/usbd.c.obj
                0x10006094                usbd_edpt_open
 .text.usbd_open_edpt_pair
                0x100060ec       0x8c CMakeFiles/INA219.dir/D_/pico-env/pico-sdk/lib/tinyusb/src/device/usbd.c.obj
                0x100060ec                usbd_open_edpt_pair
 .text.usbd_edpt_claim
                0x10006178       0x8c CMakeFiles/INA219.dir/D_/pico-env/pico-sdk/lib/tinyusb/src/device/usbd.c.obj
                0x10006178                usbd_edpt_claim
 .text.usbd_edpt_release
                0x10006204       0x68 CMakeFiles/INA219.dir/D_/pico-env/pico-sdk/lib/tinyusb/src/device/usbd.c.obj
                0x10006204                usbd_edpt_release
 .text.usbd_edpt_xfer
                0x1000626c       0x80 CMakeFiles/INA219.dir/D_/pico-env/pico-sdk/lib/tinyusb/src/device/usbd.c.obj
                0x1000626c                usbd_edpt_xfer
 .text.usbd_edpt_stall
                0x100062ec       0x40 CMakeFiles/INA219.dir/D_/pico-env/pico-sdk/lib/tinyusb/src/device/usbd.c.obj
                0x100062ec                usbd_edpt_stall
 .text.usbd_edpt_clear_stall
                0x1000632c       0x40 CMakeFiles/INA219.dir/D_/pico-env/pico-sdk/lib/tinyusb/src/device/usbd.c.obj
                0x1000632c                usbd_edpt_clear_stall
 .text.usbd_edpt_stalled
                0x1000636c       0x1c CMakeFiles/INA219.dir/D_/pico-env/pico-sdk/lib/tinyusb/src/device/usbd.c.obj
                0x1000636c                usbd_edpt_stalled
 .text.process_control_request
                0x10006388      0x3b8 CMakeFiles/INA219.dir/D_/pico-env/pico-sdk/lib/tinyusb/src/device/usbd.c.obj
 .text.tud_task
                0x10006740      0x218 CMakeFiles/INA219.dir/D_/pico-env/pico-sdk/lib/tinyusb/src/device/usbd.c.obj
                0x10006740                tud_task
 .text._data_stage_xact
                0x10006958       0x58 CMakeFiles/INA219.dir/D_/pico-env/pico-sdk/lib/tinyusb/src/device/usbd_control.c.obj
 .text.tud_control_status
                0x100069b0       0x38 CMakeFiles/INA219.dir/D_/pico-env/pico-sdk/lib/tinyusb/src/device/usbd_control.c.obj
                0x100069b0                tud_control_status
 .text.tud_control_xfer
                0x100069e8       0xa8 CMakeFiles/INA219.dir/D_/pico-env/pico-sdk/lib/tinyusb/src/device/usbd_control.c.obj
                0x100069e8                tud_control_xfer
 .text.usbd_control_reset
                0x10006a90       0x14 CMakeFiles/INA219.dir/D_/pico-env/pico-sdk/lib/tinyusb/src/device/usbd_control.c.obj
                0x10006a90                usbd_control_reset
 .text.usbd_control_set_complete_callback
                0x10006aa4        0xc CMakeFiles/INA219.dir/D_/pico-env/pico-sdk/lib/tinyusb/src/device/usbd_control.c.obj
                0x10006aa4                usbd_control_set_complete_callback
 .text.usbd_control_set_request
                0x10006ab0       0x1c CMakeFiles/INA219.dir/D_/pico-env/pico-sdk/lib/tinyusb/src/device/usbd_control.c.obj
                0x10006ab0                usbd_control_set_request
 .text.usbd_control_xfer_cb
                0x10006acc       0xfc CMakeFiles/INA219.dir/D_/pico-env/pico-sdk/lib/tinyusb/src/device/usbd_control.c.obj
                0x10006acc                usbd_control_xfer_cb
 .text._prep_out_transaction
                0x10006bc8       0x46 CMakeFiles/INA219.dir/D_/pico-env/pico-sdk/lib/tinyusb/src/class/cdc/cdc_device.c.obj
 *fill*         0x10006c0e        0x2 
 .text.tud_cdc_n_connected
                0x10006c10       0x44 CMakeFiles/INA219.dir/D_/pico-env/pico-sdk/lib/tinyusb/src/class/cdc/cdc_device.c.obj
                0x10006c10                tud_cdc_n_connected
 .text.tud_cdc_n_available
                0x10006c54       0x18 CMakeFiles/INA219.dir/D_/pico-env/pico-sdk/lib/tinyusb/src/class/cdc/cdc_device.c.obj
                0x10006c54                tud_cdc_n_available
 .text.tud_cdc_n_read
                0x10006c6c       0x28 CMakeFiles/INA219.dir/D_/pico-env/pico-sdk/lib/tinyusb/src/class/cdc/cdc_device.c.obj
                0x10006c6c                tud_cdc_n_read
 .text.tud_cdc_n_write_flush
                0x10006c94       0xcc CMakeFiles/INA219.dir/D_/pico-env/pico-sdk/lib/tinyusb/src/class/cdc/cdc_device.c.obj
                0x10006c94                tud_cdc_n_write_flush
 .text.tud_cdc_n_write
                0x10006d60       0x38 CMakeFiles/INA219.dir/D_/pico-env/pico-sdk/lib/tinyusb/src/class/cdc/cdc_device.c.obj
                0x10006d60                tud_cdc_n_write
 .text.tud_cdc_n_write_available
                0x10006d98       0x1c CMakeFiles/INA219.dir/D_/pico-env/pico-sdk/lib/tinyusb/src/class/cdc/cdc_device.c.obj
                0x10006d98                tud_cdc_n_write_available
 .text.cdcd_init
                0x10006db4       0xbc CMakeFiles/INA219.dir/D_/pico-env/pico-sdk/lib/tinyusb/src/class/cdc/cdc_device.c.obj
                0x10006db4                cdcd_init
 .text.cdcd_reset
                0x10006e70       0x44 CMakeFiles/INA219.dir/D_/pico-env/pico-sdk/lib/tinyusb/src/class/cdc/cdc_device.c.obj
                0x10006e70                cdcd_reset
 .text.cdcd_open
                0x10006eb4       0xf8 CMakeFiles/INA219.dir/D_/pico-env/pico-sdk/lib/tinyusb/src/class/cdc/cdc_device.c.obj
                0x10006eb4                cdcd_open
 .text.cdcd_control_xfer_cb
                0x10006fac      0x134 CMakeFiles/INA219.dir/D_/pico-env/pico-sdk/lib/tinyusb/src/class/cdc/cdc_device.c.obj
                0x10006fac                cdcd_control_xfer_cb
 .text.cdcd_xfer_cb
                0x100070e0      0x144 CMakeFiles/INA219.dir/D_/pico-env/pico-sdk/lib/tinyusb/src/class/cdc/cdc_device.c.obj
                0x100070e0                cdcd_xfer_cb
 .text.tusb_init
                0x10007224       0x24 CMakeFiles/INA219.dir/D_/pico-env/pico-sdk/lib/tinyusb/src/tusb.c.obj
                0x10007224                tusb_init
 .text.tusb_inited
                0x10007248        0xe CMakeFiles/INA219.dir/D_/pico-env/pico-sdk/lib/tinyusb/src/tusb.c.obj
                0x10007248                tusb_inited
 *fill*         0x10007256        0x2 
 .text.tu_edpt_validate
                0x10007258       0xa8 CMakeFiles/INA219.dir/D_/pico-env/pico-sdk/lib/tinyusb/src/tusb.c.obj
                0x10007258                tu_edpt_validate
 .text.tu_edpt_bind_driver
                0x10007300       0x2a CMakeFiles/INA219.dir/D_/pico-env/pico-sdk/lib/tinyusb/src/tusb.c.obj
                0x10007300                tu_edpt_bind_driver
 .text.advance_pointer
                0x1000732a       0x18 CMakeFiles/INA219.dir/D_/pico-env/pico-sdk/lib/tinyusb/src/common/tusb_fifo.c.obj
 .text.backward_pointer
                0x10007342       0x1e CMakeFiles/INA219.dir/D_/pico-env/pico-sdk/lib/tinyusb/src/common/tusb_fifo.c.obj
 .text.get_relative_pointer
                0x10007360       0x10 CMakeFiles/INA219.dir/D_/pico-env/pico-sdk/lib/tinyusb/src/common/tusb_fifo.c.obj
 .text._tu_fifo_peek
                0x10007370       0x50 CMakeFiles/INA219.dir/D_/pico-env/pico-sdk/lib/tinyusb/src/common/tusb_fifo.c.obj
 .text._ff_pull_const_addr
                0x100073c0       0x4c CMakeFiles/INA219.dir/D_/pico-env/pico-sdk/lib/tinyusb/src/common/tusb_fifo.c.obj
 .text._ff_pull_n
                0x1000740c      0x10c CMakeFiles/INA219.dir/D_/pico-env/pico-sdk/lib/tinyusb/src/common/tusb_fifo.c.obj
 .text._tu_fifo_peek_n
                0x10007518       0x5e CMakeFiles/INA219.dir/D_/pico-env/pico-sdk/lib/tinyusb/src/common/tusb_fifo.c.obj
 .text._tu_fifo_read_n
                0x10007576       0x4e CMakeFiles/INA219.dir/D_/pico-env/pico-sdk/lib/tinyusb/src/common/tusb_fifo.c.obj
 .text._ff_push_const_addr
                0x100075c4       0x40 CMakeFiles/INA219.dir/D_/pico-env/pico-sdk/lib/tinyusb/src/common/tusb_fifo.c.obj
 .text._ff_push_n
                0x10007604      0x106 CMakeFiles/INA219.dir/D_/pico-env/pico-sdk/lib/tinyusb/src/common/tusb_fifo.c.obj
 .text._tu_fifo_write_n
                0x1000770a       0x9e CMakeFiles/INA219.dir/D_/pico-env/pico-sdk/lib/tinyusb/src/common/tusb_fifo.c.obj
 .text.tu_fifo_config
                0x100077a8       0x72 CMakeFiles/INA219.dir/D_/pico-env/pico-sdk/lib/tinyusb/src/common/tusb_fifo.c.obj
                0x100077a8                tu_fifo_config
 .text.tu_fifo_count
                0x1000781a       0x26 CMakeFiles/INA219.dir/D_/pico-env/pico-sdk/lib/tinyusb/src/common/tusb_fifo.c.obj
                0x1000781a                tu_fifo_count
 .text.tu_fifo_empty
                0x10007840        0xe CMakeFiles/INA219.dir/D_/pico-env/pico-sdk/lib/tinyusb/src/common/tusb_fifo.c.obj
                0x10007840                tu_fifo_empty
 .text.tu_fifo_remaining
                0x1000784e       0x20 CMakeFiles/INA219.dir/D_/pico-env/pico-sdk/lib/tinyusb/src/common/tusb_fifo.c.obj
                0x1000784e                tu_fifo_remaining
 .text.tu_fifo_read
                0x1000786e       0x42 CMakeFiles/INA219.dir/D_/pico-env/pico-sdk/lib/tinyusb/src/common/tusb_fifo.c.obj
                0x1000786e                tu_fifo_read
 .text.tu_fifo_read_n
                0x100078b0        0xa CMakeFiles/INA219.dir/D_/pico-env/pico-sdk/lib/tinyusb/src/common/tusb_fifo.c.obj
                0x100078b0                tu_fifo_read_n
 .text.tu_fifo_write
                0x100078ba       0x6c CMakeFiles/INA219.dir/D_/pico-env/pico-sdk/lib/tinyusb/src/common/tusb_fifo.c.obj
                0x100078ba                tu_fifo_write
 .text.tu_fifo_write_n
                0x10007926        0xa CMakeFiles/INA219.dir/D_/pico-env/pico-sdk/lib/tinyusb/src/common/tusb_fifo.c.obj
                0x10007926                tu_fifo_write_n
 .text.tu_fifo_clear
                0x10007930       0x4c CMakeFiles/INA219.dir/D_/pico-env/pico-sdk/lib/tinyusb/src/common/tusb_fifo.c.obj
                0x10007930                tu_fifo_clear
 .text.tu_fifo_set_overwritable
                0x1000797c       0x3c CMakeFiles/INA219.dir/D_/pico-env/pico-sdk/lib/tinyusb/src/common/tusb_fifo.c.obj
                0x1000797c                tu_fifo_set_overwritable
 .text._retrieve_unique_id_on_boot
                0x100079b8       0x10 CMakeFiles/INA219.dir/D_/pico-env/pico-sdk/src/rp2_common/pico_unique_id/unique_id.c.obj
 .text.pico_get_unique_board_id_string
                0x100079c8       0x60 CMakeFiles/INA219.dir/D_/pico-env/pico-sdk/src/rp2_common/pico_unique_id/unique_id.c.obj
                0x100079c8                pico_get_unique_board_id_string
 .text.flash_get_unique_id
                0x10007a28       0x46 CMakeFiles/INA219.dir/D_/pico-env/pico-sdk/src/rp2_common/hardware_flash/flash.c.obj
                0x10007a28                flash_get_unique_id
 *fill*         0x10007a6e        0x2 
 .text.strlen   0x10007a70       0x5c d:/9 2019-q4-major/bin/../lib/gcc/arm-none-eabi/9.2.1/../../../../arm-none-eabi/lib/thumb/v6-m/nofp\libg.a(lib_a-strlen-stub.o)
                0x10007a70                strlen
 *(.fini)
 .fini          0x10007acc        0x4 d:/9 2019-q4-major/bin/../lib/gcc/arm-none-eabi/9.2.1/thumb/v6-m/nofp/crti.o
                0x10007acc                _fini
 .fini.__stub   0x10007ad0       0x70 linker stubs
 *crtbegin.o(.ctors)
 *crtbegin?.o(.ctors)
 *(EXCLUDE_FILE(*crtend.o *crtend?.o) .ctors)
 *(SORT_BY_NAME(.ctors.*))
 *(.ctors)
 *crtbegin.o(.dtors)
 *crtbegin?.o(.dtors)
 *(EXCLUDE_FILE(*crtend.o *crtend?.o) .dtors)
 *(SORT_BY_NAME(.dtors.*))
 *(.dtors)
 *(.eh_frame*)
 .eh_frame      0x10007b40        0x0 d:/9 2019-q4-major/bin/../lib/gcc/arm-none-eabi/9.2.1/thumb/v6-m/nofp/crtbegin.o
                0x10007b40                . = ALIGN (0x4)

.glue_7         0x10007b40        0x0
 .glue_7        0x10007b40        0x0 linker stubs

.glue_7t        0x10007b40        0x0
 .glue_7t       0x10007b40        0x0 linker stubs

.vfp11_veneer   0x10007b40        0x0
 .vfp11_veneer  0x10007b40        0x0 linker stubs

.v4_bx          0x10007b40        0x0
 .v4_bx         0x10007b40        0x0 linker stubs

.iplt           0x10007b40        0x0
 .iplt          0x10007b40        0x0 d:/9 2019-q4-major/bin/../lib/gcc/arm-none-eabi/9.2.1/thumb/v6-m/nofp/crtbegin.o

.rodata         0x10007b40     0x1740
 *(EXCLUDE_FILE(*libm.a: *libc.a:*lib_a-mem*.o *libgcc.a:) .rodata*)
 .rodata.main.str1.4
                0x10007b40       0x72 CMakeFiles/INA219.dir/INA219.c.obj
 *fill*         0x10007bb2        0x2 
 .rodata.i2c_set_baudrate.str1.4
                0x10007bb4       0x57 CMakeFiles/INA219.dir/D_/pico-env/pico-sdk/src/rp2_common/hardware_i2c/i2c.c.obj
 *fill*         0x10007c0b        0x1 
 .rodata.__func__.4800
                0x10007c0c       0x11 CMakeFiles/INA219.dir/D_/pico-env/pico-sdk/src/rp2_common/hardware_i2c/i2c.c.obj
 *fill*         0x10007c1d        0x3 
 .rodata.spin_lock_claim_unused.str1.4
                0x10007c20       0x1b CMakeFiles/INA219.dir/D_/pico-env/pico-sdk/src/rp2_common/hardware_sync/sync.c.obj
 *fill*         0x10007c3b        0x1 
 .rodata.make_branch.str1.4
                0x10007c3c       0x67 CMakeFiles/INA219.dir/D_/pico-env/pico-sdk/src/rp2_common/hardware_irq/irq.c.obj
 *fill*         0x10007ca3        0x1 
 .rodata.insert_branch_and_link.str1.4
                0x10007ca4       0x10 CMakeFiles/INA219.dir/D_/pico-env/pico-sdk/src/rp2_common/hardware_irq/irq.c.obj
 .rodata.irq_set_exclusive_handler.str1.4
                0x10007cb4       0x36 CMakeFiles/INA219.dir/D_/pico-env/pico-sdk/src/rp2_common/hardware_irq/irq.c.obj
 *fill*         0x10007cea        0x2 
 .rodata.irq_add_shared_handler.str1.4
                0x10007cec       0xd9 CMakeFiles/INA219.dir/D_/pico-env/pico-sdk/src/rp2_common/hardware_irq/irq.c.obj
 *fill*         0x10007dc5        0x3 
 .rodata.irq_remove_handler.str1.4
                0x10007dc8       0x2a CMakeFiles/INA219.dir/D_/pico-env/pico-sdk/src/rp2_common/hardware_irq/irq.c.obj
 *fill*         0x10007df2        0x2 
 .rodata.irq_add_tail_to_free_list.str1.4
                0x10007df4       0x3a CMakeFiles/INA219.dir/D_/pico-env/pico-sdk/src/rp2_common/hardware_irq/irq.c.obj
 *fill*         0x10007e2e        0x2 
 .rodata.user_irq_claim_unused.str1.4
                0x10007e30       0x1b CMakeFiles/INA219.dir/D_/pico-env/pico-sdk/src/rp2_common/hardware_irq/irq.c.obj
 *fill*         0x10007e4b        0x1 
 .rodata.__func__.4779
                0x10007e4c       0x1a CMakeFiles/INA219.dir/D_/pico-env/pico-sdk/src/rp2_common/hardware_irq/irq.c.obj
 *fill*         0x10007e66        0x2 
 .rodata.__func__.4793
                0x10007e68        0xc CMakeFiles/INA219.dir/D_/pico-env/pico-sdk/src/rp2_common/hardware_irq/irq.c.obj
 .rodata.__func__.4801
                0x10007e74       0x17 CMakeFiles/INA219.dir/D_/pico-env/pico-sdk/src/rp2_common/hardware_irq/irq.c.obj
 *fill*         0x10007e8b        0x1 
 .rodata.__func__.4805
                0x10007e8c        0xf CMakeFiles/INA219.dir/D_/pico-env/pico-sdk/src/rp2_common/hardware_irq/irq.c.obj
 *fill*         0x10007e9b        0x1 
 .rodata.__func__.4822
                0x10007e9c       0x17 CMakeFiles/INA219.dir/D_/pico-env/pico-sdk/src/rp2_common/hardware_irq/irq.c.obj
 *fill*         0x10007eb3        0x1 
 .rodata.__func__.4844
                0x10007eb4       0x13 CMakeFiles/INA219.dir/D_/pico-env/pico-sdk/src/rp2_common/hardware_irq/irq.c.obj
 *fill*         0x10007ec7        0x1 
 .rodata.__func__.4866
                0x10007ec8       0x1a CMakeFiles/INA219.dir/D_/pico-env/pico-sdk/src/rp2_common/hardware_irq/irq.c.obj
 *fill*         0x10007ee2        0x2 
 .rodata.repeating_timer_callback.str1.4
                0x10007ee4       0x45 CMakeFiles/INA219.dir/D_/pico-env/pico-sdk/src/common/pico_time/time.c.obj
 *fill*         0x10007f29        0x3 
 .rodata.alarm_pool_dump_key.str1.4
                0x10007f2c       0x33 CMakeFiles/INA219.dir/D_/pico-env/pico-sdk/src/common/pico_time/time.c.obj
 *fill*         0x10007f5f        0x1 
 .rodata.ph_add_child_node.str1.4
                0x10007f60       0x8e CMakeFiles/INA219.dir/D_/pico-env/pico-sdk/src/common/pico_time/time.c.obj
 *fill*         0x10007fee        0x2 
 .rodata.add_alarm_under_lock.str1.4
                0x10007ff0       0x28 CMakeFiles/INA219.dir/D_/pico-env/pico-sdk/src/common/pico_time/time.c.obj
                                 0x2b (size before relaxing)
 .rodata.alarm_pool_alarm_callback.str1.4
                0x10008018       0xde CMakeFiles/INA219.dir/D_/pico-env/pico-sdk/src/common/pico_time/time.c.obj
 *fill*         0x100080f6        0x2 
 .rodata.alarm_pool_get_default.str1.4
                0x100080f8       0x21 CMakeFiles/INA219.dir/D_/pico-env/pico-sdk/src/common/pico_time/time.c.obj
 *fill*         0x10008119        0x3 
 .rodata.alarm_pool_cancel_alarm.str1.4
                0x1000811c       0x27 CMakeFiles/INA219.dir/D_/pico-env/pico-sdk/src/common/pico_time/time.c.obj
 *fill*         0x10008143        0x1 
 .rodata.sleep_until.str1.4
                0x10008144       0x4d CMakeFiles/INA219.dir/D_/pico-env/pico-sdk/src/common/pico_time/time.c.obj
 *fill*         0x10008191        0x3 
 .rodata.__func__.5710
                0x10008194       0x15 CMakeFiles/INA219.dir/D_/pico-env/pico-sdk/src/common/pico_time/time.c.obj
 *fill*         0x100081a9        0x3 
 .rodata.__func__.6028
                0x100081ac        0xc CMakeFiles/INA219.dir/D_/pico-env/pico-sdk/src/common/pico_time/time.c.obj
 .rodata.__func__.6035
                0x100081b8       0x12 CMakeFiles/INA219.dir/D_/pico-env/pico-sdk/src/common/pico_time/time.c.obj
 *fill*         0x100081ca        0x2 
 .rodata.__func__.6051
                0x100081cc        0xf CMakeFiles/INA219.dir/D_/pico-env/pico-sdk/src/common/pico_time/time.c.obj
 *fill*         0x100081db        0x1 
 .rodata.__func__.6073
                0x100081dc        0xd CMakeFiles/INA219.dir/D_/pico-env/pico-sdk/src/common/pico_time/time.c.obj
 *fill*         0x100081e9        0x3 
 .rodata.__func__.6296
                0x100081ec        0xa CMakeFiles/INA219.dir/D_/pico-env/pico-sdk/src/common/pico_time/time.c.obj
 *fill*         0x100081f6        0x2 
 .rodata.__func__.6301
                0x100081f8       0x12 CMakeFiles/INA219.dir/D_/pico-env/pico-sdk/src/common/pico_time/time.c.obj
 *fill*         0x1000820a        0x2 
 .rodata.__func__.6316
                0x1000820c       0x17 CMakeFiles/INA219.dir/D_/pico-env/pico-sdk/src/common/pico_time/time.c.obj
 *fill*         0x10008223        0x1 
 .rodata.__func__.6327
                0x10008224       0x15 CMakeFiles/INA219.dir/D_/pico-env/pico-sdk/src/common/pico_time/time.c.obj
 *fill*         0x10008239        0x3 
 .rodata.__func__.6344
                0x1000823c       0x1a CMakeFiles/INA219.dir/D_/pico-env/pico-sdk/src/common/pico_time/time.c.obj
 *fill*         0x10008256        0x2 
 .rodata.__func__.6383
                0x10008258       0x18 CMakeFiles/INA219.dir/D_/pico-env/pico-sdk/src/common/pico_time/time.c.obj
 .rodata.hardware_alarm_claim.str1.4
                0x10008270       0x22 CMakeFiles/INA219.dir/D_/pico-env/pico-sdk/src/rp2_common/hardware_timer/timer.c.obj
 *fill*         0x10008292        0x2 
 .rodata.hardware_alarm_set_target.str1.4
                0x10008294       0x5f CMakeFiles/INA219.dir/D_/pico-env/pico-sdk/src/rp2_common/hardware_timer/timer.c.obj
 *fill*         0x100082f3        0x1 
 .rodata.__func__.4577
                0x100082f4       0x1a CMakeFiles/INA219.dir/D_/pico-env/pico-sdk/src/rp2_common/hardware_timer/timer.c.obj
 .rodata.ph_add_child_node.str1.4
                0x1000830e       0x8e CMakeFiles/INA219.dir/D_/pico-env/pico-sdk/src/common/pico_util/pheap.c.obj
 *fill*         0x1000830e        0x2 
 .rodata.ph_remove_any_head.str1.4
                0x10008310       0x88 CMakeFiles/INA219.dir/D_/pico-env/pico-sdk/src/common/pico_util/pheap.c.obj
 .rodata.ph_remove_and_free_node.str1.4
                0x10008398       0x1e CMakeFiles/INA219.dir/D_/pico-env/pico-sdk/src/common/pico_util/pheap.c.obj
                                 0x26 (size before relaxing)
 *fill*         0x100083b6        0x2 
 .rodata.__func__.5726
                0x100083b8        0xc CMakeFiles/INA219.dir/D_/pico-env/pico-sdk/src/common/pico_util/pheap.c.obj
 .rodata.__func__.5733
                0x100083c4       0x12 CMakeFiles/INA219.dir/D_/pico-env/pico-sdk/src/common/pico_util/pheap.c.obj
 *fill*         0x100083d6        0x2 
 .rodata.__func__.5819
                0x100083d8       0x13 CMakeFiles/INA219.dir/D_/pico-env/pico-sdk/src/common/pico_util/pheap.c.obj
 *fill*         0x100083eb        0x1 
 .rodata.__func__.5837
                0x100083ec       0x18 CMakeFiles/INA219.dir/D_/pico-env/pico-sdk/src/common/pico_util/pheap.c.obj
 .rodata.str1.4
                0x10008404       0x85 CMakeFiles/INA219.dir/D_/pico-env/pico-sdk/src/common/pico_sync/mutex.c.obj
                                 0xe1 (size before relaxing)
 *fill*         0x10008489        0x3 
 .rodata.__func__.4215
                0x1000848c       0x15 CMakeFiles/INA219.dir/D_/pico-env/pico-sdk/src/common/pico_sync/mutex.c.obj
 *fill*         0x100084a1        0x3 
 .rodata.__func__.4692
                0x100084a4       0x18 CMakeFiles/INA219.dir/D_/pico-env/pico-sdk/src/common/pico_sync/mutex.c.obj
 .rodata.__func__.4711
                0x100084bc        0xb CMakeFiles/INA219.dir/D_/pico-env/pico-sdk/src/common/pico_sync/mutex.c.obj
 *fill*         0x100084c7        0x1 
 .rodata.__assert_func.str1.4
                0x100084c8       0x3f CMakeFiles/INA219.dir/D_/pico-env/pico-sdk/src/rp2_common/pico_runtime/runtime.c.obj
                                 0x43 (size before relaxing)
 *fill*         0x10008507        0x1 
 .rodata.runtime_init.str1.4
                0x10008508       0x5b CMakeFiles/INA219.dir/D_/pico-env/pico-sdk/src/rp2_common/pico_runtime/runtime.c.obj
 *fill*         0x10008563        0x1 
 .rodata.panic.str1.4
                0x10008564       0x10 CMakeFiles/INA219.dir/D_/pico-env/pico-sdk/src/rp2_common/pico_runtime/runtime.c.obj
                                 0x12 (size before relaxing)
 .rodata.__func__.5844
                0x10008574        0xd CMakeFiles/INA219.dir/D_/pico-env/pico-sdk/src/rp2_common/pico_runtime/runtime.c.obj
 *fill*         0x10008581        0x3 
 .rodata.clock_configure.str1.4
                0x10008584       0x51 CMakeFiles/INA219.dir/D_/pico-env/pico-sdk/src/rp2_common/hardware_clocks/clocks.c.obj
 *fill*         0x100085d5        0x3 
 .rodata.__func__.4761
                0x100085d8       0x10 CMakeFiles/INA219.dir/D_/pico-env/pico-sdk/src/rp2_common/hardware_clocks/clocks.c.obj
 .rodata.pll_init.str1.4
                0x100085e8      0x133 CMakeFiles/INA219.dir/D_/pico-env/pico-sdk/src/rp2_common/hardware_pll/pll.c.obj
 *fill*         0x1000871b        0x1 
 .rodata.__func__.4418
                0x1000871c        0x9 CMakeFiles/INA219.dir/D_/pico-env/pico-sdk/src/rp2_common/hardware_pll/pll.c.obj
 *fill*         0x10008725        0x3 
 .rodata._ftoa.str1.4
                0x10008728       0x15 CMakeFiles/INA219.dir/D_/pico-env/pico-sdk/src/rp2_common/pico_printf/printf.c.obj
 *fill*         0x1000873d        0x3 
 .rodata._vsnprintf
                0x10008740      0x1e0 CMakeFiles/INA219.dir/D_/pico-env/pico-sdk/src/rp2_common/pico_printf/printf.c.obj
 .rodata.pow10.5440
                0x10008920       0x50 CMakeFiles/INA219.dir/D_/pico-env/pico-sdk/src/rp2_common/pico_printf/printf.c.obj
 .rodata.__aeabi_double_init.str1.4
                0x10008970       0xa2 CMakeFiles/INA219.dir/D_/pico-env/pico-sdk/src/rp2_common/pico_double/double_init_rom.c.obj
 *fill*         0x10008a12        0x2 
 .rodata.__func__.4750
                0x10008a14       0x14 CMakeFiles/INA219.dir/D_/pico-env/pico-sdk/src/rp2_common/pico_double/double_init_rom.c.obj
 .rodata.__aeabi_float_init.str1.4
                0x10008a28       0x74 CMakeFiles/INA219.dir/D_/pico-env/pico-sdk/src/rp2_common/pico_float/float_init_rom.c.obj
                                 0x78 (size before relaxing)
 .rodata.__func__.4751
                0x10008a9c       0x13 CMakeFiles/INA219.dir/D_/pico-env/pico-sdk/src/rp2_common/pico_float/float_init_rom.c.obj
 *fill*         0x10008aaf        0x1 
 .rodata.str1.4
                0x10008ab0       0x3c CMakeFiles/INA219.dir/D_/pico-env/pico-sdk/src/rp2_common/pico_standard_link/binary_info.c.obj
 .rodata.__bi_44
                0x10008aec        0xc CMakeFiles/INA219.dir/D_/pico-env/pico-sdk/src/rp2_common/pico_standard_link/binary_info.c.obj
 .rodata.__bi_75
                0x10008af8        0xc CMakeFiles/INA219.dir/D_/pico-env/pico-sdk/src/rp2_common/pico_standard_link/binary_info.c.obj
 .rodata.__bi_81
                0x10008b04        0xc CMakeFiles/INA219.dir/D_/pico-env/pico-sdk/src/rp2_common/pico_standard_link/binary_info.c.obj
 .rodata.crlf_str.5919
                0x10008b10        0x2 CMakeFiles/INA219.dir/D_/pico-env/pico-sdk/src/rp2_common/pico_stdio/stdio.c.obj
 *fill*         0x10008b12        0x2 
 .rodata._resetd_driver
                0x10008b14       0x18 CMakeFiles/INA219.dir/D_/pico-env/pico-sdk/src/rp2_common/pico_stdio_usb/reset_interface.c.obj
 .rodata.timer_task.str1.4
                0x10008b2c       0x67 CMakeFiles/INA219.dir/D_/pico-env/pico-sdk/src/rp2_common/pico_stdio_usb/stdio_usb.c.obj
 .rodata.stdio_usb_init.str1.4
                0x10008b93       0x5b CMakeFiles/INA219.dir/D_/pico-env/pico-sdk/src/rp2_common/pico_stdio_usb/stdio_usb.c.obj
 *fill*         0x10008b93        0x1 
 .rodata.str1.4
                0x10008b94       0x13 CMakeFiles/INA219.dir/D_/pico-env/pico-sdk/src/rp2_common/pico_stdio_usb/stdio_usb.c.obj
 *fill*         0x10008ba7        0x1 
 .rodata.__bi_118.7252
                0x10008ba8        0xc CMakeFiles/INA219.dir/D_/pico-env/pico-sdk/src/rp2_common/pico_stdio_usb/stdio_usb.c.obj
 .rodata.__func__.5433
                0x10008bb4       0x15 CMakeFiles/INA219.dir/D_/pico-env/pico-sdk/src/rp2_common/pico_stdio_usb/stdio_usb.c.obj
 *fill*         0x10008bc9        0x3 
 .rodata.__func__.7226
                0x10008bcc        0xb CMakeFiles/INA219.dir/D_/pico-env/pico-sdk/src/rp2_common/pico_stdio_usb/stdio_usb.c.obj
 *fill*         0x10008bd7        0x1 
 .rodata.str1.4
                0x10008bd8       0x2a CMakeFiles/INA219.dir/D_/pico-env/pico-sdk/src/rp2_common/pico_stdio_usb/stdio_usb_descriptors.c.obj
 *fill*         0x10008c02        0x2 
 .rodata.usbd_desc_cfg
                0x10008c04       0x54 CMakeFiles/INA219.dir/D_/pico-env/pico-sdk/src/rp2_common/pico_stdio_usb/stdio_usb_descriptors.c.obj
 .rodata.usbd_desc_device
                0x10008c58       0x12 CMakeFiles/INA219.dir/D_/pico-env/pico-sdk/src/rp2_common/pico_stdio_usb/stdio_usb_descriptors.c.obj
 *fill*         0x10008c6a        0x2 
 .rodata.usbd_desc_str
                0x10008c6c       0x18 CMakeFiles/INA219.dir/D_/pico-env/pico-sdk/src/rp2_common/pico_stdio_usb/stdio_usb_descriptors.c.obj
 .rodata._hw_endpoint_alloc.str1.4
                0x10008c84       0xb1 CMakeFiles/INA219.dir/D_/pico-env/pico-sdk/lib/tinyusb/src/portable/raspberrypi/rp2040/dcd_rp2040.c.obj
 *fill*         0x10008d35        0x3 
 .rodata.dcd_rp2040_irq.str1.4
                0x10008d38       0x14 CMakeFiles/INA219.dir/D_/pico-env/pico-sdk/lib/tinyusb/src/portable/raspberrypi/rp2040/dcd_rp2040.c.obj
 .rodata.dcd_int_enable.str1.4
                0x10008d4c        0xc CMakeFiles/INA219.dir/D_/pico-env/pico-sdk/lib/tinyusb/src/portable/raspberrypi/rp2040/dcd_rp2040.c.obj
 .rodata.__func__.6918
                0x10008d58       0x13 CMakeFiles/INA219.dir/D_/pico-env/pico-sdk/lib/tinyusb/src/portable/raspberrypi/rp2040/dcd_rp2040.c.obj
 *fill*         0x10008d6b        0x1 
 .rodata.__func__.6971
                0x10008d6c        0x9 CMakeFiles/INA219.dir/D_/pico-env/pico-sdk/lib/tinyusb/src/portable/raspberrypi/rp2040/dcd_rp2040.c.obj
 *fill*         0x10008d75        0x3 
 .rodata.__func__.6975
                0x10008d78        0xf CMakeFiles/INA219.dir/D_/pico-env/pico-sdk/lib/tinyusb/src/portable/raspberrypi/rp2040/dcd_rp2040.c.obj
 *fill*         0x10008d87        0x1 
 .rodata.__func__.6984
                0x10008d88       0x10 CMakeFiles/INA219.dir/D_/pico-env/pico-sdk/lib/tinyusb/src/portable/raspberrypi/rp2040/dcd_rp2040.c.obj
 .rodata.__func__.7003
                0x10008d98        0xe CMakeFiles/INA219.dir/D_/pico-env/pico-sdk/lib/tinyusb/src/portable/raspberrypi/rp2040/dcd_rp2040.c.obj
 *fill*         0x10008da6        0x2 
 .rodata.__func__.7013
                0x10008da8        0xe CMakeFiles/INA219.dir/D_/pico-env/pico-sdk/lib/tinyusb/src/portable/raspberrypi/rp2040/dcd_rp2040.c.obj
 *fill*         0x10008db6        0x2 
 .rodata.sync_ep_buffer.str1.4
                0x10008db8       0x8d CMakeFiles/INA219.dir/D_/pico-env/pico-sdk/lib/tinyusb/src/portable/raspberrypi/rp2040/rp2040_usb.c.obj
 *fill*         0x10008e45        0x3 
 .rodata._hw_endpoint_buffer_control_update32.str1.4
                0x10008e48       0x1f CMakeFiles/INA219.dir/D_/pico-env/pico-sdk/lib/tinyusb/src/portable/raspberrypi/rp2040/rp2040_usb.c.obj
 *fill*         0x10008e67        0x1 
 .rodata.hw_endpoint_xfer_start.str1.4
                0x10008e68       0x38 CMakeFiles/INA219.dir/D_/pico-env/pico-sdk/lib/tinyusb/src/portable/raspberrypi/rp2040/rp2040_usb.c.obj
 .rodata.hw_endpoint_xfer_continue.str1.4
                0x10008ea0       0x29 CMakeFiles/INA219.dir/D_/pico-env/pico-sdk/lib/tinyusb/src/portable/raspberrypi/rp2040/rp2040_usb.c.obj
 *fill*         0x10008ec9        0x3 
 .rodata.str1.4
                0x10008ecc        0x7 CMakeFiles/INA219.dir/D_/pico-env/pico-sdk/lib/tinyusb/src/portable/raspberrypi/rp2040/rp2040_usb.c.obj
 *fill*         0x10008ed3        0x1 
 .rodata.__func__.6683
                0x10008ed4        0xf CMakeFiles/INA219.dir/D_/pico-env/pico-sdk/lib/tinyusb/src/portable/raspberrypi/rp2040/rp2040_usb.c.obj
 *fill*         0x10008ee3        0x1 
 .rodata.process_set_config.str1.4
                0x10008ee4       0x17 CMakeFiles/INA219.dir/D_/pico-env/pico-sdk/lib/tinyusb/src/device/usbd.c.obj
 *fill*         0x10008efb        0x1 
 .rodata.process_get_descriptor
                0x10008efc       0x40 CMakeFiles/INA219.dir/D_/pico-env/pico-sdk/lib/tinyusb/src/device/usbd.c.obj
 .rodata.process_control_request
                0x10008f3c       0x28 CMakeFiles/INA219.dir/D_/pico-env/pico-sdk/lib/tinyusb/src/device/usbd.c.obj
 .rodata.tud_task
                0x10008f64       0x24 CMakeFiles/INA219.dir/D_/pico-env/pico-sdk/lib/tinyusb/src/device/usbd.c.obj
 .rodata.__func__.6584
                0x10008f88       0x10 CMakeFiles/INA219.dir/D_/pico-env/pico-sdk/lib/tinyusb/src/device/usbd.c.obj
 .rodata.__func__.7382
                0x10008f98        0x9 CMakeFiles/INA219.dir/D_/pico-env/pico-sdk/lib/tinyusb/src/device/usbd.c.obj
 *fill*         0x10008fa1        0x3 
 .rodata.__func__.7403
                0x10008fa4       0x18 CMakeFiles/INA219.dir/D_/pico-env/pico-sdk/lib/tinyusb/src/device/usbd.c.obj
 .rodata.__func__.7446
                0x10008fbc       0x13 CMakeFiles/INA219.dir/D_/pico-env/pico-sdk/lib/tinyusb/src/device/usbd.c.obj
 *fill*         0x10008fcf        0x1 
 .rodata.__func__.7481
                0x10008fd0       0x17 CMakeFiles/INA219.dir/D_/pico-env/pico-sdk/lib/tinyusb/src/device/usbd.c.obj
 *fill*         0x10008fe7        0x1 
 .rodata.__func__.7535
                0x10008fe8       0x14 CMakeFiles/INA219.dir/D_/pico-env/pico-sdk/lib/tinyusb/src/device/usbd.c.obj
 .rodata.__func__.7549
                0x10008ffc        0xf CMakeFiles/INA219.dir/D_/pico-env/pico-sdk/lib/tinyusb/src/device/usbd.c.obj
 *fill*         0x1000900b        0x1 
 .rodata.__func__.7572
                0x1000900c        0xf CMakeFiles/INA219.dir/D_/pico-env/pico-sdk/lib/tinyusb/src/device/usbd.c.obj
 *fill*         0x1000901b        0x1 
 .rodata._usbd_driver
                0x1000901c       0x18 CMakeFiles/INA219.dir/D_/pico-env/pico-sdk/lib/tinyusb/src/device/usbd.c.obj
 .rodata.tud_control_xfer.str1.4
                0x10009034       0x17 CMakeFiles/INA219.dir/D_/pico-env/pico-sdk/lib/tinyusb/src/device/usbd_control.c.obj
 .rodata.__func__.7297
                0x10009034       0x11 CMakeFiles/INA219.dir/D_/pico-env/pico-sdk/lib/tinyusb/src/device/usbd_control.c.obj
 *fill*         0x10009045        0x3 
 .rodata.__func__.7324
                0x10009048       0x15 CMakeFiles/INA219.dir/D_/pico-env/pico-sdk/lib/tinyusb/src/device/usbd_control.c.obj
 .rodata.tud_cdc_n_write_flush.str1.4
                0x1000905d       0x17 CMakeFiles/INA219.dir/D_/pico-env/pico-sdk/lib/tinyusb/src/class/cdc/cdc_device.c.obj
 *fill*         0x1000905d        0x3 
 .rodata.__func__.7233
                0x10009060       0x16 CMakeFiles/INA219.dir/D_/pico-env/pico-sdk/lib/tinyusb/src/class/cdc/cdc_device.c.obj
 *fill*         0x10009076        0x2 
 .rodata.__func__.7266
                0x10009078        0xa CMakeFiles/INA219.dir/D_/pico-env/pico-sdk/lib/tinyusb/src/class/cdc/cdc_device.c.obj
 *fill*         0x10009082        0x2 
 .rodata.__func__.7301
                0x10009084        0xd CMakeFiles/INA219.dir/D_/pico-env/pico-sdk/lib/tinyusb/src/class/cdc/cdc_device.c.obj
 .rodata.tusb_init.str1.4
                0x10009091       0x17 CMakeFiles/INA219.dir/D_/pico-env/pico-sdk/lib/tinyusb/src/tusb.c.obj
 *fill*         0x10009091        0x3 
 .rodata.__func__.7170
                0x10009094        0xa CMakeFiles/INA219.dir/D_/pico-env/pico-sdk/lib/tinyusb/src/tusb.c.obj
 *fill*         0x1000909e        0x2 
 .rodata.__func__.7182
                0x100090a0       0x11 CMakeFiles/INA219.dir/D_/pico-env/pico-sdk/lib/tinyusb/src/tusb.c.obj
 *fill*         0x100090b1        0x3 
 .rodata.pico_get_unique_board_id_string.str1.4
                0x100090b4       0x47 CMakeFiles/INA219.dir/D_/pico-env/pico-sdk/src/rp2_common/pico_unique_id/unique_id.c.obj
 *fill*         0x100090fb        0x1 
 .rodata.__func__.4298
                0x100090fc       0x20 CMakeFiles/INA219.dir/D_/pico-env/pico-sdk/src/rp2_common/pico_unique_id/unique_id.c.obj
 .rodata.str1.4
                0x1000911c      0x152 CMakeFiles/INA219.dir/D_/pico-env/pico-sdk/src/rp2_common/hardware_flash/flash.c.obj
 *fill*         0x1000926e        0x2 
 .rodata.__func__.4472
                0x10009270        0xd CMakeFiles/INA219.dir/D_/pico-env/pico-sdk/src/rp2_common/hardware_flash/flash.c.obj
                0x10009280                . = ALIGN (0x4)
 *fill*         0x1000927d        0x3 
 *(SORT_BY_ALIGNMENT(SORT_BY_NAME(.flashdata*)))
                0x10009280                . = ALIGN (0x4)

.rel.dyn        0x10009280        0x0
 .rel.iplt      0x10009280        0x0 d:/9 2019-q4-major/bin/../lib/gcc/arm-none-eabi/9.2.1/thumb/v6-m/nofp/crtbegin.o

.ARM.extab
 *(.ARM.extab* .gnu.linkonce.armextab.*)
                0x10009280                __exidx_start = .

.ARM.exidx
 *(.ARM.exidx* .gnu.linkonce.armexidx.*)
                0x10009280                __exidx_end = .
                0x10009280                . = ALIGN (0x4)
                0x10009280                __binary_info_start = .

.binary_info    0x10009280       0x20
 *(.binary_info.keep.*)
 .binary_info.keep.__bi_ptr22
                0x10009280        0x4 CMakeFiles/INA219.dir/D_/pico-env/pico-sdk/src/rp2_common/pico_standard_link/binary_info.c.obj
 .binary_info.keep.__bi_ptr30
                0x10009284        0x4 CMakeFiles/INA219.dir/D_/pico-env/pico-sdk/src/rp2_common/pico_standard_link/binary_info.c.obj
 .binary_info.keep.__bi_ptr38
                0x10009288        0x4 CMakeFiles/INA219.dir/D_/pico-env/pico-sdk/src/rp2_common/pico_standard_link/binary_info.c.obj
 .binary_info.keep.__bi_ptr44
                0x1000928c        0x4 CMakeFiles/INA219.dir/D_/pico-env/pico-sdk/src/rp2_common/pico_standard_link/binary_info.c.obj
 .binary_info.keep.__bi_ptr50
                0x10009290        0x4 CMakeFiles/INA219.dir/D_/pico-env/pico-sdk/src/rp2_common/pico_standard_link/binary_info.c.obj
 .binary_info.keep.__bi_ptr75
                0x10009294        0x4 CMakeFiles/INA219.dir/D_/pico-env/pico-sdk/src/rp2_common/pico_standard_link/binary_info.c.obj
 .binary_info.keep.__bi_ptr81
                0x10009298        0x4 CMakeFiles/INA219.dir/D_/pico-env/pico-sdk/src/rp2_common/pico_standard_link/binary_info.c.obj
 *(.binary_info.*)
 .binary_info.__bi_ptr118
                0x1000929c        0x4 CMakeFiles/INA219.dir/D_/pico-env/pico-sdk/src/rp2_common/pico_stdio_usb/stdio_usb.c.obj
                0x100092a0                __binary_info_end = .
                0x100092a0                . = ALIGN (0x4)
                0x100092a0                __etext = .

.ram_vector_table
                0x20000000       0xc0
 *(.ram_vector_table)
 .ram_vector_table
                0x20000000       0xc0 CMakeFiles/INA219.dir/D_/pico-env/pico-sdk/src/rp2_common/pico_runtime/runtime.c.obj
                0x20000000                ram_vector_table

.data           0x200000c0      0x460 load address 0x100092a0
                0x200000c0                __data_start__ = .
 *(vtable)
 *(.time_critical*)
 .time_critical.mutex_enter_blocking
                0x200000c0       0x48 CMakeFiles/INA219.dir/D_/pico-env/pico-sdk/src/common/pico_sync/mutex.c.obj
                0x200000c0                mutex_enter_blocking
 .time_critical.mutex_try_enter
                0x20000108       0x48 CMakeFiles/INA219.dir/D_/pico-env/pico-sdk/src/common/pico_sync/mutex.c.obj
                0x20000108                mutex_try_enter
 .time_critical.mutex_enter_block_until
                0x20000150       0x88 CMakeFiles/INA219.dir/D_/pico-env/pico-sdk/src/common/pico_sync/mutex.c.obj
                0x20000150                mutex_enter_block_until
 .time_critical.mutex_enter_timeout_ms
                0x200001d8       0x78 CMakeFiles/INA219.dir/D_/pico-env/pico-sdk/src/common/pico_sync/mutex.c.obj
                0x200001d8                mutex_enter_timeout_ms
 .time_critical.mutex_exit
                0x20000250       0x4c CMakeFiles/INA219.dir/D_/pico-env/pico-sdk/src/common/pico_sync/mutex.c.obj
                0x20000250                mutex_exit
 .time_critical.flash_init_boot2_copyout
                0x2000029c       0x30 CMakeFiles/INA219.dir/D_/pico-env/pico-sdk/src/rp2_common/hardware_flash/flash.c.obj
 .time_critical.flash_enable_xip_via_boot2
                0x200002cc       0x10 CMakeFiles/INA219.dir/D_/pico-env/pico-sdk/src/rp2_common/hardware_flash/flash.c.obj
 .time_critical.flash_cs_force
                0x200002dc       0x28 CMakeFiles/INA219.dir/D_/pico-env/pico-sdk/src/rp2_common/hardware_flash/flash.c.obj
 .time_critical.flash_do_cmd
                0x20000304       0xd8 CMakeFiles/INA219.dir/D_/pico-env/pico-sdk/src/rp2_common/hardware_flash/flash.c.obj
                0x20000304                flash_do_cmd
 *(.text*)
 .text          0x200003dc        0x4 d:/9 2019-q4-major/bin/../lib/gcc/arm-none-eabi/9.2.1/thumb/v6-m/nofp\libgcc.a(_dvmd_tls.o)
                0x200003dc                __aeabi_idiv0
                0x200003dc                __aeabi_ldiv0
 .text.__stub   0x200003e0       0x40 linker stubs
                0x20000420                . = ALIGN (0x4)
 *(.rodata*)
                0x20000420                . = ALIGN (0x4)
 *(.data*)
 .data.i2c0_inst
                0x20000420        0x8 CMakeFiles/INA219.dir/D_/pico-env/pico-sdk/src/rp2_common/hardware_i2c/i2c.c.obj
                0x20000420                i2c0_inst
 .data.striped_spin_lock_num
                0x20000428        0x1 CMakeFiles/INA219.dir/D_/pico-env/pico-sdk/src/rp2_common/hardware_sync/sync.c.obj
 *fill*         0x20000429        0x3 
 .data          0x2000042c       0x48 CMakeFiles/INA219.dir/D_/pico-env/pico-sdk/src/rp2_common/hardware_irq/irq_handler_chain.S.obj
                0x2000042c                irq_handler_chain_slots
                0x2000045c                irq_handler_chain_first_slot
                0x20000466                irq_handler_chain_remove_tail
 .data.default_alarm_pool
                0x20000474       0x18 CMakeFiles/INA219.dir/D_/pico-env/pico-sdk/src/common/pico_time/time.c.obj
 .data.default_alarm_pool_heap
                0x2000048c       0x10 CMakeFiles/INA219.dir/D_/pico-env/pico-sdk/src/common/pico_time/time.c.obj
 *fill*         0x2000049c        0x4 
 .data.aeabi_bits_funcs
                0x200004a0       0x10 CMakeFiles/INA219.dir/D_/pico-env/pico-sdk/src/rp2_common/pico_bit_ops/bit_ops_aeabi.S.obj
                0x200004a0                aeabi_bits_funcs
                0x200004b0                aeabi_bits_funcs_end
 .data.aeabi_mem_funcs
                0x200004b0       0x10 CMakeFiles/INA219.dir/D_/pico-env/pico-sdk/src/rp2_common/pico_mem_ops/mem_ops_aeabi.S.obj
                0x200004b0                aeabi_mem_funcs
                0x200004c0                aeabi_mem_funcs_end
 .data.stdio_usb
                0x200004c0       0x14 CMakeFiles/INA219.dir/D_/pico-env/pico-sdk/src/rp2_common/pico_stdio_usb/stdio_usb.c.obj
                0x200004c0                stdio_usb
 .data.ep_dir_string
                0x200004d4        0x8 CMakeFiles/INA219.dir/D_/pico-env/pico-sdk/lib/tinyusb/src/portable/raspberrypi/rp2040/rp2040_usb.c.obj
                0x200004d4                ep_dir_string
 .data._usbd_qdef
                0x200004dc       0x24 CMakeFiles/INA219.dir/D_/pico-env/pico-sdk/lib/tinyusb/src/device/usbd.c.obj
                0x200004dc                _usbd_qdef
                0x20000500                . = ALIGN (0x4)
 *(.after_data.*)
                0x20000500                . = ALIGN (0x4)
                0x20000500                PROVIDE (__mutex_array_start = .)
 *(SORT_BY_NAME(.mutex_array.*))
 *(.mutex_array)
 .mutex_array   0x20000500        0x8 CMakeFiles/INA219.dir/D_/pico-env/pico-sdk/src/rp2_common/pico_stdio/stdio.c.obj
                0x20000508                PROVIDE (__mutex_array_end = .)
                0x20000508                . = ALIGN (0x4)
                0x20000508                PROVIDE (__preinit_array_start = .)
 *(SORT_BY_NAME(.preinit_array.*))
 .preinit_array.00001
                0x20000508        0x4 CMakeFiles/INA219.dir/D_/pico-env/pico-sdk/src/rp2_common/pico_mem_ops/mem_ops_aeabi.S.obj
 .preinit_array.00010
                0x2000050c        0x4 CMakeFiles/INA219.dir/D_/pico-env/pico-sdk/src/rp2_common/pico_bit_ops/bit_ops_aeabi.S.obj
 .preinit_array.00020
                0x20000510        0x4 CMakeFiles/INA219.dir/D_/pico-env/pico-sdk/src/rp2_common/pico_double/double_aeabi.S.obj
 .preinit_array.00020
                0x20000514        0x4 CMakeFiles/INA219.dir/D_/pico-env/pico-sdk/src/rp2_common/pico_float/float_aeabi.S.obj
 *(.preinit_array)
                0x20000518                PROVIDE (__preinit_array_end = .)
                0x20000518                . = ALIGN (0x4)
                0x20000518                PROVIDE (__init_array_start = .)
 *(SORT_BY_NAME(.init_array.*))
 *(.init_array)
 .init_array    0x20000518        0x4 d:/9 2019-q4-major/bin/../lib/gcc/arm-none-eabi/9.2.1/thumb/v6-m/nofp/crtbegin.o
 .init_array    0x2000051c        0x4 CMakeFiles/INA219.dir/D_/pico-env/pico-sdk/src/rp2_common/pico_unique_id/unique_id.c.obj
                0x20000520                PROVIDE (__init_array_end = .)
                0x20000520                . = ALIGN (0x4)
                [!provide]                PROVIDE (__fini_array_start = .)
 *(SORT_BY_NAME(.fini_array.*))
 *(.fini_array)
                [!provide]                PROVIDE (__fini_array_end = .)
 *(.jcr)
                0x20000520                . = ALIGN (0x4)
                0x20000520                __data_end__ = .

.igot.plt       0x20000520        0x0 load address 0x10009700
 .igot.plt      0x20000520        0x0 d:/9 2019-q4-major/bin/../lib/gcc/arm-none-eabi/9.2.1/thumb/v6-m/nofp/crtbegin.o

.uninitialized_data
                0x20000520        0x0 load address 0x10009700
                0x20000520                . = ALIGN (0x4)
 *(.uninitialized_data*)

.scratch_x      0x20040000        0x0 load address 0x10009700
                0x20040000                __scratch_x_start__ = .
 *(.scratch_x.*)
                0x20040000                . = ALIGN (0x4)
                0x20040000                __scratch_x_end__ = .
                0x10009700                __scratch_x_source__ = LOADADDR (.scratch_x)

.scratch_y      0x20041000        0x0 load address 0x10009700
                0x20041000                __scratch_y_start__ = .
 *(.scratch_y.*)
                0x20041000                . = ALIGN (0x4)
                0x20041000                __scratch_y_end__ = .
                0x10009700                __scratch_y_source__ = LOADADDR (.scratch_y)

.bss            0x20000520      0xda0
                0x20000520                . = ALIGN (0x4)
                0x20000520                __bss_start__ = .
 *(SORT_BY_ALIGNMENT(SORT_BY_NAME(.bss*)))
 .bss.default_alarm_pool_entries
                0x20000520      0x100 CMakeFiles/INA219.dir/D_/pico-env/pico-sdk/src/common/pico_time/time.c.obj
 .bss.last_avail_time.7231
                0x20000620        0x8 CMakeFiles/INA219.dir/D_/pico-env/pico-sdk/src/rp2_common/pico_stdio_usb/stdio_usb.c.obj
 .bss           0x20000628       0x1c d:/9 2019-q4-major/bin/../lib/gcc/arm-none-eabi/9.2.1/thumb/v6-m/nofp/crtbegin.o
 .bss.INA219    0x20000644       0x1c CMakeFiles/INA219.dir/INA219.c.obj
                0x20000644                INA219
 .bss._app_driver
                0x20000660        0x4 CMakeFiles/INA219.dir/D_/pico-env/pico-sdk/lib/tinyusb/src/device/usbd.c.obj
 .bss._cdcd_itf
                0x20000664      0x2d8 CMakeFiles/INA219.dir/D_/pico-env/pico-sdk/lib/tinyusb/src/class/cdc/cdc_device.c.obj
 .bss._ctrl_xfer
                0x2000093c       0x14 CMakeFiles/INA219.dir/D_/pico-env/pico-sdk/lib/tinyusb/src/device/usbd_control.c.obj
 .bss._ubsd_mutexdef
                0x20000950        0x8 CMakeFiles/INA219.dir/D_/pico-env/pico-sdk/lib/tinyusb/src/device/usbd.c.obj
 .bss._usbd_ctrl_buf
                0x20000958       0x40 CMakeFiles/INA219.dir/D_/pico-env/pico-sdk/lib/tinyusb/src/device/usbd_control.c.obj
 .bss._usbd_dev
                0x20000998       0x53 CMakeFiles/INA219.dir/D_/pico-env/pico-sdk/lib/tinyusb/src/device/usbd.c.obj
 *fill*         0x200009eb        0x1 
 .bss._usbd_mutex